Component: ARM Compiler 5.06 update 7 (build 960) Tool: armlink [4d3601]

==============================================================================

Section Cross References

    stm32l475e_iot01.o(i.BSP_COM_DeInit) refers to stm32l4xx_hal_uart.o(i.HAL_UART_DeInit) for HAL_UART_DeInit
    stm32l475e_iot01.o(i.BSP_COM_DeInit) refers to stm32l475e_iot01.o(.data) for .data
    stm32l475e_iot01.o(i.BSP_COM_Init) refers to stm32l4xx_hal_gpio.o(i.HAL_GPIO_Init) for HAL_GPIO_Init
    stm32l475e_iot01.o(i.BSP_COM_Init) refers to stm32l4xx_hal_uart.o(i.HAL_UART_Init) for HAL_UART_Init
    stm32l475e_iot01.o(i.BSP_COM_Init) refers to stm32l475e_iot01.o(.constdata) for .constdata
    stm32l475e_iot01.o(i.BSP_COM_Init) refers to stm32l475e_iot01.o(.data) for .data
    stm32l475e_iot01.o(i.BSP_LED_DeInit) refers to stm32l4xx_hal_gpio.o(i.HAL_GPIO_WritePin) for HAL_GPIO_WritePin
    stm32l475e_iot01.o(i.BSP_LED_DeInit) refers to stm32l4xx_hal_gpio.o(i.HAL_GPIO_DeInit) for HAL_GPIO_DeInit
    stm32l475e_iot01.o(i.BSP_LED_DeInit) refers to stm32l475e_iot01.o(.constdata) for .constdata
    stm32l475e_iot01.o(i.BSP_LED_DeInit) refers to stm32l475e_iot01.o(.data) for .data
    stm32l475e_iot01.o(i.BSP_LED_Init) refers to stm32l4xx_hal_gpio.o(i.HAL_GPIO_Init) for HAL_GPIO_Init
    stm32l475e_iot01.o(i.BSP_LED_Init) refers to stm32l475e_iot01.o(.constdata) for .constdata
    stm32l475e_iot01.o(i.BSP_LED_Init) refers to stm32l475e_iot01.o(.data) for .data
    stm32l475e_iot01.o(i.BSP_LED_Off) refers to stm32l4xx_hal_gpio.o(i.HAL_GPIO_WritePin) for HAL_GPIO_WritePin
    stm32l475e_iot01.o(i.BSP_LED_Off) refers to stm32l475e_iot01.o(.constdata) for .constdata
    stm32l475e_iot01.o(i.BSP_LED_Off) refers to stm32l475e_iot01.o(.data) for .data
    stm32l475e_iot01.o(i.BSP_LED_On) refers to stm32l4xx_hal_gpio.o(i.HAL_GPIO_WritePin) for HAL_GPIO_WritePin
    stm32l475e_iot01.o(i.BSP_LED_On) refers to stm32l475e_iot01.o(.constdata) for .constdata
    stm32l475e_iot01.o(i.BSP_LED_On) refers to stm32l475e_iot01.o(.data) for .data
    stm32l475e_iot01.o(i.BSP_LED_Toggle) refers to stm32l4xx_hal_gpio.o(i.HAL_GPIO_TogglePin) for HAL_GPIO_TogglePin
    stm32l475e_iot01.o(i.BSP_LED_Toggle) refers to stm32l475e_iot01.o(.constdata) for .constdata
    stm32l475e_iot01.o(i.BSP_LED_Toggle) refers to stm32l475e_iot01.o(.data) for .data
    stm32l475e_iot01.o(i.BSP_PB_DeInit) refers to stm32l4xx_hal_cortex.o(i.HAL_NVIC_DisableIRQ) for HAL_NVIC_DisableIRQ
    stm32l475e_iot01.o(i.BSP_PB_DeInit) refers to stm32l4xx_hal_gpio.o(i.HAL_GPIO_DeInit) for HAL_GPIO_DeInit
    stm32l475e_iot01.o(i.BSP_PB_DeInit) refers to stm32l475e_iot01.o(.constdata) for .constdata
    stm32l475e_iot01.o(i.BSP_PB_DeInit) refers to stm32l475e_iot01.o(.data) for .data
    stm32l475e_iot01.o(i.BSP_PB_GetState) refers to stm32l4xx_hal_gpio.o(i.HAL_GPIO_ReadPin) for HAL_GPIO_ReadPin
    stm32l475e_iot01.o(i.BSP_PB_GetState) refers to stm32l475e_iot01.o(.constdata) for .constdata
    stm32l475e_iot01.o(i.BSP_PB_GetState) refers to stm32l475e_iot01.o(.data) for .data
    stm32l475e_iot01.o(i.BSP_PB_Init) refers to stm32l4xx_hal_gpio.o(i.HAL_GPIO_Init) for HAL_GPIO_Init
    stm32l475e_iot01.o(i.BSP_PB_Init) refers to stm32l4xx_hal_cortex.o(i.HAL_NVIC_SetPriority) for HAL_NVIC_SetPriority
    stm32l475e_iot01.o(i.BSP_PB_Init) refers to stm32l4xx_hal_cortex.o(i.HAL_NVIC_EnableIRQ) for HAL_NVIC_EnableIRQ
    stm32l475e_iot01.o(i.BSP_PB_Init) refers to stm32l475e_iot01.o(.constdata) for .constdata
    stm32l475e_iot01.o(i.BSP_PB_Init) refers to stm32l475e_iot01.o(.data) for .data
    stm32l475e_iot01.o(i.I2Cx_DeInit) refers to stm32l4xx_hal_gpio.o(i.HAL_GPIO_DeInit) for HAL_GPIO_DeInit
    stm32l475e_iot01.o(i.I2Cx_DeInit) refers to stm32l4xx_hal_i2c.o(i.HAL_I2C_DeInit) for HAL_I2C_DeInit
    stm32l475e_iot01.o(i.I2Cx_Error) refers to stm32l4xx_hal_i2c.o(i.HAL_I2C_DeInit) for HAL_I2C_DeInit
    stm32l475e_iot01.o(i.I2Cx_Error) refers to stm32l475e_iot01.o(i.I2Cx_Init) for I2Cx_Init
    stm32l475e_iot01.o(i.I2Cx_Init) refers to stm32l475e_iot01.o(i.I2Cx_MspInit) for I2Cx_MspInit
    stm32l475e_iot01.o(i.I2Cx_Init) refers to stm32l4xx_hal_i2c.o(i.HAL_I2C_Init) for HAL_I2C_Init
    stm32l475e_iot01.o(i.I2Cx_Init) refers to stm32l4xx_hal_i2c_ex.o(i.HAL_I2CEx_ConfigAnalogFilter) for HAL_I2CEx_ConfigAnalogFilter
    stm32l475e_iot01.o(i.I2Cx_MspInit) refers to stm32l4xx_hal_gpio.o(i.HAL_GPIO_Init) for HAL_GPIO_Init
    stm32l475e_iot01.o(i.I2Cx_MspInit) refers to stm32l4xx_hal_cortex.o(i.HAL_NVIC_SetPriority) for HAL_NVIC_SetPriority
    stm32l475e_iot01.o(i.I2Cx_MspInit) refers to stm32l4xx_hal_cortex.o(i.HAL_NVIC_EnableIRQ) for HAL_NVIC_EnableIRQ
    stm32l475e_iot01.o(i.I2Cx_ReadMultiple) refers to stm32l4xx_hal_i2c.o(i.HAL_I2C_Mem_Read) for HAL_I2C_Mem_Read
    stm32l475e_iot01.o(i.I2Cx_ReadMultiple) refers to stm32l475e_iot01.o(i.I2Cx_Error) for I2Cx_Error
    stm32l475e_iot01.o(i.I2Cx_WriteMultiple) refers to stm32l4xx_hal_i2c.o(i.HAL_I2C_Mem_Write) for HAL_I2C_Mem_Write
[...]
    i.HAL_UART_Transmit                      0x080029aa   Section        0  stm32l4xx_hal_uart.o(i.HAL_UART_Transmit)
    i.HTS221_T_Init                          0x08002a4e   Section        0  hts221.o(i.HTS221_T_Init)
    i.HTS221_T_ReadTemp                      0x08002a6e   Section        0  hts221.o(i.HTS221_T_ReadTemp)
    i.HardFault_Handler                      0x08002b02   Section        0  stm32l4xx_it.o(i.HardFault_Handler)
    i.I2C_Flush_TXDR                         0x08002b04   Section        0  stm32l4xx_hal_i2c.o(i.I2C_Flush_TXDR)
    I2C_Flush_TXDR                           0x08002b05   Thumb Code    34  stm32l4xx_hal_i2c.o(i.I2C_Flush_TXDR)
    i.I2C_IsErrorOccurred                    0x08002b28   Section        0  stm32l4xx_hal_i2c.o(i.I2C_IsErrorOccurred)
    I2C_IsErrorOccurred                      0x08002b29   Thumb Code   264  stm32l4xx_hal_i2c.o(i.I2C_IsErrorOccurred)
    i.I2C_RequestMemoryRead                  0x08002c34   Section        0  stm32l4xx_hal_i2c.o(i.I2C_RequestMemoryRead)
    I2C_RequestMemoryRead                    0x08002c35   Thumb Code    94  stm32l4xx_hal_i2c.o(i.I2C_RequestMemoryRead)
    i.I2C_RequestMemoryWrite                 0x08002c98   Section        0  stm32l4xx_hal_i2c.o(i.I2C_RequestMemoryWrite)
    I2C_RequestMemoryWrite                   0x08002c99   Thumb Code    94  stm32l4xx_hal_i2c.o(i.I2C_RequestMemoryWrite)
    i.I2C_TransferConfig                     0x08002cfc   Section        0  stm32l4xx_hal_i2c.o(i.I2C_TransferConfig)
    I2C_TransferConfig                       0x08002cfd   Thumb Code    44  stm32l4xx_hal_i2c.o(i.I2C_TransferConfig)
    i.I2C_WaitOnFlagUntilTimeout             0x08002d2c   Section        0  stm32l4xx_hal_i2c.o(i.I2C_WaitOnFlagUntilTimeout)
    I2C_WaitOnFlagUntilTimeout               0x08002d2d   Thumb Code   108  stm32l4xx_hal_i2c.o(i.I2C_WaitOnFlagUntilTimeout)
    i.I2C_WaitOnSTOPFlagUntilTimeout         0x08002d98   Section        0  stm32l4xx_hal_i2c.o(i.I2C_WaitOnSTOPFlagUntilTimeout)
    I2C_WaitOnSTOPFlagUntilTimeout           0x08002d99   Thumb Code    86  stm32l4xx_hal_i2c.o(i.I2C_WaitOnSTOPFlagUntilTimeout)
    i.I2C_WaitOnTXISFlagUntilTimeout         0x08002dee   Section        0  stm32l4xx_hal_i2c.o(i.I2C_WaitOnTXISFlagUntilTimeout)
    I2C_WaitOnTXISFlagUntilTimeout           0x08002def   Thumb Code    90  stm32l4xx_hal_i2c.o(i.I2C_WaitOnTXISFlagUntilTimeout)
    i.I2Cx_Error                             0x08002e48   Section        0  stm32l475e_iot01.o(i.I2Cx_Error)
    I2Cx_Error                               0x08002e49   Thumb Code    18  stm32l475e_iot01.o(i.I2Cx_Error)
    i.I2Cx_Init                              0x08002e5c   Section        0  stm32l475e_iot01.o(i.I2Cx_Init)
    I2Cx_Init                                0x08002e5d   Thumb Code    52  stm32l475e_iot01.o(i.I2Cx_Init)
    i.I2Cx_MspInit                           0x08002e98   Section        0  stm32l475e_iot01.o(i.I2Cx_MspInit)
    I2Cx_MspInit                             0x08002e99   Thumb Code   130  stm32l475e_iot01.o(i.I2Cx_MspInit)
    i.I2Cx_ReadMultiple                      0x08002f24   Section        0  stm32l475e_iot01.o(i.I2Cx_ReadMultiple)
    I2Cx_ReadMultiple                        0x08002f25   Thumb Code    42  stm32l475e_iot01.o(i.I2Cx_ReadMultiple)
    i.I2Cx_WriteMultiple                     0x08002f4e   Section        0  stm32l475e_iot01.o(i.I2Cx_WriteMultiple)
    I2Cx_WriteMultiple                       0x08002f4f   Thumb Code    42  stm32l475e_iot01.o(i.I2Cx_WriteMultiple)
    i.MQTTCleanSession                       0x08002f78   Section        0  mqttclient.o(i.MQTTCleanSession)
    i.MQTTClientInit                         0x08002f8c   Section        0  mqttclient.o(i.MQTTClientInit)
    i.MQTTCloseSession                       0x08002fd8   Section        0  mqttclient.o(i.MQTTCloseSession)
    i.MQTTConnect                            0x08002fea   Section        0  mqttclient.o(i.MQTTConnect)
    i.MQTTConnectWithResults                 0x08002ff4   Section        0  mqttclient.o(i.MQTTConnectWithResults)
    i.MQTTDeserialize_ack                    0x08003090   Section        0  mqttdeserializepublish.o(i.MQTTDeserialize_ack)
    i.MQTTDeserialize_connack                0x080030d8   Section        0  mqttconnectclient.o(i.MQTTDeserialize_connack)
    i.MQTTDeserialize_publish                0x08003134   Section        0  mqttdeserializepublish.o(i.MQTTDeserialize_publish)
    i.MQTTPacket_decode                      0x080031c6   Section        0  mqttpacket.o(i.MQTTPacket_decode)
    i.MQTTPacket_decodeBuf                   0x080031fc   Section        0  mqttpacket.o(i.MQTTPacket_decodeBuf)
    i.MQTTPacket_encode                      0x08003210   Section        0  mqttpacket.o(i.MQTTPacket_encode)
    i.MQTTPacket_equals                      0x0800323a   Section        0  mqttpacket.o(i.MQTTPacket_equals)
    i.MQTTPacket_len                         0x08003270   Section        0  mqttpacket.o(i.MQTTPacket_len)
    i.MQTTPublish                            0x08003298   Section        0  mqttclient.o(i.MQTTPublish)
    i.MQTTSerialize_ack                      0x0800335c   Section        0  mqttserializepublish.o(i.MQTTSerialize_ack)
    i.MQTTSerialize_connect                  0x080033a4   Section        0  mqttconnectclient.o(i.MQTTSerialize_connect)
    i.MQTTSerialize_connectLength            0x080034bc   Section        0  mqttconnectclient.o(i.MQTTSerialize_connectLength)
    i.MQTTSerialize_pingreq                  0x08003532   Section        0  mqttconnectclient.o(i.MQTTSerialize_pingreq)
    i.MQTTSerialize_publish                  0x08003538   Section        0  mqttserializepublish.o(i.MQTTSerialize_publish)
    i.MQTTSerialize_publishLength            0x080035c4   Section        0  mqttserializepublish.o(i.MQTTSerialize_publishLength)
    i.MQTTSerialize_zero                     0x080035e2   Section        0  mqttconnectclient.o(i.MQTTSerialize_zero)
    i.MQTTYield                              0x08003614   Section        0  mqttclient.o(i.MQTTYield)
    i.MQTTstrlen                             0x0800364a   Section        0  mqttpacket.o(i.MQTTstrlen)
    i.MemManage_Handler                      0x08003658   Section        0  stm32l4xx_it.o(i.MemManage_Handler)
    i.NMI_Handler                            0x0800365a   Section        0  stm32l4xx_it.o(i.NMI_Handler)
    i.ParseIP                                0x0800365c   Section        0  es_wifi.o(i.ParseIP)
    ParseIP                                  0x0800365d   Thumb Code    64  es_wifi.o(i.ParseIP)
    i.ParseMAC                               0x0800369c   Section        0  es_wifi.o(i.ParseMAC)
    ParseMAC                                 0x0800369d   Thumb Code   174  es_wifi.o(i.ParseMAC)
    i.ParseNumber                            0x0800374a   Section        0  es_wifi.o(i.ParseNumber)
    ParseNumber                              0x0800374b   Thumb Code    66  es_wifi.o(i.ParseNumber)
    i.PendSV_Handler                         0x0800378c   Section        0  stm32l4xx_it.o(i.PendSV_Handler)
    i.RCC_SetFlashLatencyFromMSIRange        0x08003790   Section        0  stm32l4xx_hal_rcc.o(i.RCC_SetFlashLatencyFromMSIRange)
    RCC_SetFlashLatencyFromMSIRange          0x08003791   Thumb Code   116  stm32l4xx_hal_rcc.o(i.RCC_SetFlashLatencyFromMSIRange)
    i.SENSOR_IO_Init                         0x0800380c   Section        0  stm32l475e_iot01.o(i.SENSOR_IO_Init)
    i.SENSOR_IO_Read                         0x08003818   Section        0  stm32l475e_iot01.o(i.SENSOR_IO_Read)
    i.SENSOR_IO_ReadMultiple                 0x0800383c   Section        0  stm32l475e_iot01.o(i.SENSOR_IO_ReadMultiple)
    i.SENSOR_IO_Write                        0x08003854   Section        0  stm32l475e_iot01.o(i.SENSOR_IO_Write)
    i.SPI3_IRQHandler                        0x08003874   Section        0  main.o(i.SPI3_IRQHandler)
    i.SPI_2linesRxISR_16BIT                  0x08003880   Section        0  stm32l4xx_hal_spi.o(i.SPI_2linesRxISR_16BIT)
    SPI_2linesRxISR_16BIT                    0x08003881   Thumb Code    66  stm32l4xx_hal_spi.o(i.SPI_2linesRxISR_16BIT)
    i.SPI_2linesRxISR_16BITCRC               0x080038c8   Section        0  stm32l4xx_hal_spi.o(i.SPI_2linesRxISR_16BITCRC)
    SPI_2linesRxISR_16BITCRC                 0x080038c9   Thumb Code    22  stm32l4xx_hal_spi.o(i.SPI_2linesRxISR_16BITCRC)
    i.SPI_2linesRxISR_8BIT                   0x080038e0   Section        0  stm32l4xx_hal_spi.o(i.SPI_2linesRxISR_8BIT)
    SPI_2linesRxISR_8BIT                     0x080038e1   Thumb Code   120  stm32l4xx_hal_spi.o(i.SPI_2linesRxISR_8BIT)
    i.SPI_2linesRxISR_8BITCRC                0x0800395c   Section        0  stm32l4xx_hal_spi.o(i.SPI_2linesRxISR_8BITCRC)
    SPI_2linesRxISR_8BITCRC                  0x0800395d   Thumb Code    52  stm32l4xx_hal_spi.o(i.SPI_2linesRxISR_8BITCRC)
    i.SPI_2linesTxISR_16BIT                  0x08003990   Section        0  stm32l4xx_hal_spi.o(i.SPI_2linesTxISR_16BIT)
    SPI_2linesTxISR_16BIT                    0x08003991   Thumb Code    76  stm32l4xx_hal_spi.o(i.SPI_2linesTxISR_16BIT)
    i.SPI_2linesTxISR_8BIT                   0x080039dc   Section        0  stm32l4xx_hal_spi.o(i.SPI_2linesTxISR_8BIT)
    SPI_2linesTxISR_8BIT                     0x080039dd   Thumb Code    98  stm32l4xx_hal_spi.o(i.SPI_2linesTxISR_8BIT)
    i.SPI_CloseRxTx_ISR                      0x08003a3e   Section        0  stm32l4xx_hal_spi.o(i.SPI_CloseRxTx_ISR)
    SPI_CloseRxTx_ISR                        0x08003a3f   Thumb Code   114  stm32l4xx_hal_spi.o(i.SPI_CloseRxTx_ISR)
    i.SPI_CloseRx_ISR                        0x08003ab0   Section        0  stm32l4xx_hal_spi.o(i.SPI_CloseRx_ISR)
    SPI_CloseRx_ISR                          0x08003ab1   Thumb Code    90  stm32l4xx_hal_spi.o(i.SPI_CloseRx_ISR)
    i.SPI_CloseTx_ISR                        0x08003b0a   Section        0  stm32l4xx_hal_spi.o(i.SPI_CloseTx_ISR)
    SPI_CloseTx_ISR                          0x08003b0b   Thumb Code    76  stm32l4xx_hal_spi.o(i.SPI_CloseTx_ISR)
    i.SPI_DMAAbortOnError                    0x08003b56   Section        0  stm32l4xx_hal_spi.o(i.SPI_DMAAbortOnError)
    SPI_DMAAbortOnError                      0x08003b57   Thumb Code    18  stm32l4xx_hal_spi.o(i.SPI_DMAAbortOnError)
    i.SPI_EndRxTransaction                   0x08003b68   Section        0  stm32l4xx_hal_spi.o(i.SPI_EndRxTransaction)
    SPI_EndRxTransaction                     0x08003b69   Thumb Code   116  stm32l4xx_hal_spi.o(i.SPI_EndRxTransaction)
    i.SPI_EndRxTxTransaction                 0x08003bdc   Section        0  stm32l4xx_hal_spi.o(i.SPI_EndRxTxTransaction)
    SPI_EndRxTxTransaction                   0x08003bdd   Thumb Code    72  stm32l4xx_hal_spi.o(i.SPI_EndRxTxTransaction)
    i.SPI_RxISR_16BIT                        0x08003c24   Section        0  stm32l4xx_hal_spi.o(i.SPI_RxISR_16BIT)
    SPI_RxISR_16BIT                          0x08003c25   Thumb Code    76  stm32l4xx_hal_spi.o(i.SPI_RxISR_16BIT)
    i.SPI_RxISR_16BITCRC                     0x08003c74   Section        0  stm32l4xx_hal_spi.o(i.SPI_RxISR_16BITCRC)
    SPI_RxISR_16BITCRC                       0x08003c75   Thumb Code    22  stm32l4xx_hal_spi.o(i.SPI_RxISR_16BITCRC)
    i.SPI_RxISR_8BIT                         0x08003c8c   Section        0  stm32l4xx_hal_spi.o(i.SPI_RxISR_8BIT)
    SPI_RxISR_8BIT                           0x08003c8d   Thumb Code    76  stm32l4xx_hal_spi.o(i.SPI_RxISR_8BIT)
    i.SPI_RxISR_8BITCRC                      0x08003cdc   Section        0  stm32l4xx_hal_spi.o(i.SPI_RxISR_8BITCRC)
    SPI_RxISR_8BITCRC                        0x08003cdd   Thumb Code    38  stm32l4xx_hal_spi.o(i.SPI_RxISR_8BITCRC)
    i.SPI_TxISR_16BIT                        0x08003d02   Section        0  stm32l4xx_hal_spi.o(i.SPI_TxISR_16BIT)
    SPI_TxISR_16BIT                          0x08003d03   Thumb Code    50  stm32l4xx_hal_spi.o(i.SPI_TxISR_16BIT)
    i.SPI_TxISR_8BIT                         0x08003d34   Section        0  stm32l4xx_hal_spi.o(i.SPI_TxISR_8BIT)
    SPI_TxISR_8BIT                           0x08003d35   Thumb Code    50  stm32l4xx_hal_spi.o(i.SPI_TxISR_8BIT)
    i.SPI_WIFI_DeInit                        0x08003d68   Section        0  es_wifi_io.o(i.SPI_WIFI_DeInit)
    i.SPI_WIFI_Delay                         0x08003d78   Section        0  es_wifi_io.o(i.SPI_WIFI_Delay)
    i.SPI_WIFI_DelayUs                       0x08003d7c   Section        0  es_wifi_io.o(i.SPI_WIFI_DelayUs)
    SPI_WIFI_DelayUs                         0x08003d7d   Thumb Code    92  es_wifi_io.o(i.SPI_WIFI_DelayUs)
    i.SPI_WIFI_ISR                           0x08003de4   Section        0  es_wifi_io.o(i.SPI_WIFI_ISR)
    i.SPI_WIFI_Init                          0x08003df8   Section        0  es_wifi_io.o(i.SPI_WIFI_Init)
    i.SPI_WIFI_MspInit                       0x08003e74   Section        0  es_wifi_io.o(i.SPI_WIFI_MspInit)
    i.SPI_WIFI_ReceiveData                   0x08003f80   Section        0  es_wifi_io.o(i.SPI_WIFI_ReceiveData)
    i.SPI_WIFI_ResetModule                   0x08004080   Section        0  es_wifi_io.o(i.SPI_WIFI_ResetModule)
    i.SPI_WIFI_SendData                      0x08004164   Section        0  es_wifi_io.o(i.SPI_WIFI_SendData)
    i.SPI_WaitFifoStateUntilTimeout          0x0800421c   Section        0  stm32l4xx_hal_spi.o(i.SPI_WaitFifoStateUntilTimeout)
    SPI_WaitFifoStateUntilTimeout            0x0800421d   Thumb Code   218  stm32l4xx_hal_spi.o(i.SPI_WaitFifoStateUntilTimeout)
    i.SPI_WaitFlagStateUntilTimeout          0x08004304   Section        0  stm32l4xx_hal_spi.o(i.SPI_WaitFlagStateUntilTimeout)
    SPI_WaitFlagStateUntilTimeout            0x08004305   Thumb Code   180  stm32l4xx_hal_spi.o(i.SPI_WaitFlagStateUntilTimeout)
    i.SVC_Handler                            0x080043bc   Section        0  stm32l4xx_it.o(i.SVC_Handler)
    i.SysTick_Handler                        0x080043be   Section        0  stm32l4xx_it.o(i.SysTick_Handler)
    i.SystemInit                             0x080043c4   Section        0  system_stm32l4xx.o(i.SystemInit)
    i.TimerCountdown                         0x08004408   Section        0  timer.o(i.TimerCountdown)
    i.TimerCountdownMS                       0x08004412   Section        0  timer.o(i.TimerCountdownMS)
    i.TimerInit                              0x08004426   Section        0  timer.o(i.TimerInit)
    i.TimerIsExpired                         0x08004438   Section        0  timer.o(i.TimerIsExpired)
    i.TimerLeftMS                            0x08004450   Section        0  timer.o(i.TimerLeftMS)
    i.UART_AdvFeatureConfig                  0x08004468   Section        0  stm32l4xx_hal_uart.o(i.UART_AdvFeatureConfig)
    i.UART_CheckIdleState                    0x08004530   Section        0  stm32l4xx_hal_uart.o(i.UART_CheckIdleState)
    i.UART_EndRxTransfer                     0x080045d8   Section        0  stm32l4xx_hal_uart.o(i.UART_EndRxTransfer)
    UART_EndRxTransfer                       0x080045d9   Thumb Code    76  stm32l4xx_hal_uart.o(i.UART_EndRxTransfer)
    i.UART_SetConfig                         0x08004624   Section        0  stm32l4xx_hal_uart.o(i.UART_SetConfig)
    i.UART_WaitOnFlagUntilTimeout            0x0800486c   Section        0  stm32l4xx_hal_uart.o(i.UART_WaitOnFlagUntilTimeout)
    i.UsageFault_Handler                     0x080048f8   Section        0  stm32l4xx_it.o(i.UsageFault_Handler)
    i.WIFI_Connect                           0x080048fc   Section        0  wifi.o(i.WIFI_Connect)
    i.WIFI_GetHostAddress                    0x08004920   Section        0  wifi.o(i.WIFI_GetHostAddress)
    i.WIFI_GetIP_Address                     0x08004944   Section        0  wifi.o(i.WIFI_GetIP_Address)
    i.WIFI_GetMAC_Address                    0x08004970   Section        0  wifi.o(i.WIFI_GetMAC_Address)
    i.WIFI_Init                              0x08004990   Section        0  wifi.o(i.WIFI_Init)
    i.WIFI_OpenClientConnection              0x080049d0   Section        0  wifi.o(i.WIFI_OpenClientConnection)
    i.WIFI_ReceiveData                       0x08004a20   Section        0  wifi.o(i.WIFI_ReceiveData)
    i.WIFI_SendData                          0x08004a44   Section        0  wifi.o(i.WIFI_SendData)
    i.__0printf$8                            0x08004a68   Section        0  printf8.o(i.__0printf$8)
    i.__0snprintf$8                          0x08004a88   Section        0  printf8.o(i.__0snprintf$8)
    i.__0sprintf$8                           0x08004abc   Section        0  printf8.o(i.__0sprintf$8)
    i.__NVIC_SetPriority                     0x08004ae4   Section        0  stm32l4xx_hal_cortex.o(i.__NVIC_SetPriority)
    __NVIC_SetPriority                       0x08004ae5   Thumb Code    32  stm32l4xx_hal_cortex.o(i.__NVIC_SetPriority)
    i.__scatterload_copy                     0x08004b04   Section       14  handlers.o(i.__scatterload_copy)
    i.__scatterload_null                     0x08004b12   Section        2  handlers.o(i.__scatterload_null)
    i.__scatterload_zeroinit                 0x08004b14   Section       14  handlers.o(i.__scatterload_zeroinit)
    i._printf_core                           0x08004b24   Section        0  printf8.o(i._printf_core)
    _printf_core                             0x08004b25   Thumb Code   984  printf8.o(i._printf_core)
    i._printf_post_padding                   0x08004f2e   Section        0  printf8.o(i._printf_post_padding)
    _printf_post_padding                     0x08004f2f   Thumb Code    36  printf8.o(i._printf_post_padding)
    i._printf_pre_padding                    0x08004f52   Section        0  printf8.o(i._printf_pre_padding)
    _printf_pre_padding                      0x08004f53   Thumb Code    46  printf8.o(i._printf_pre_padding)
    i._snputc                                0x08004f80   Section        0  printf8.o(i._snputc)
    _snputc                                  0x08004f81   Thumb Code    22  printf8.o(i._snputc)
    i._sputc                                 0x08004f96   Section        0  printf8.o(i._sputc)
    _sputc                                   0x08004f97   Thumb Code    10  printf8.o(i._sputc)
    i.bufchar                                0x08004fa0   Section        0  mqttpacket.o(i.bufchar)
    i.cycle                                  0x08004fc4   Section        0  mqttclient.o(i.cycle)
    i.deliverMessage                         0x080050dc   Section        0  mqttclient.o(i.deliverMessage)
    i.fputc                                  0x08005190   Section        0  main.o(i.fputc)
    i.getNextPacketId                        0x080051a8   Section        0  mqttclient.o(i.getNextPacketId)
    getNextPacketId                          0x080051a9   Thumb Code    22  mqttclient.o(i.getNextPacketId)
    i.keepalive                              0x080051be   Section        0  mqttclient.o(i.keepalive)
    i.main                                   0x08005218   Section        0  main.o(i.main)
    i.mqtt_network_read                      0x080055cc   Section        0  mqttinterface.o(i.mqtt_network_read)
    i.mqtt_network_write                     0x080055e8   Section        0  mqttinterface.o(i.mqtt_network_write)
    i.readChar                               0x08005608   Section        0  mqttpacket.o(i.readChar)
    i.readInt                                0x08005614   Section        0  mqttpacket.o(i.readInt)
    i.readMQTTLenString                      0x08005626   Section        0  mqttpacket.o(i.readMQTTLenString)
    i.readPacket                             0x0800565a   Section        0  mqttclient.o(i.readPacket)
    readPacket                               0x0800565b   Thumb Code   186  mqttclient.o(i.readPacket)
    i.sendPacket                             0x0800571a   Section        0  mqttclient.o(i.sendPacket)
    sendPacket                               0x0800571b   Thumb Code    84  mqttclient.o(i.sendPacket)
    i.wait_spi_tx_event                      0x08005770   Section        0  es_wifi_io.o(i.wait_spi_tx_event)
    wait_spi_tx_event                        0x08005771   Thumb Code    42  es_wifi_io.o(i.wait_spi_tx_event)
    i.waitfor                                0x080057a0   Section        0  mqttclient.o(i.waitfor)
    i.wifi_connect                           0x080057d0   Section        0  main.o(i.wifi_connect)
    i.writeCString                           0x080059d8   Section        0  mqttpacket.o(i.writeCString)
    i.writeChar                              0x08005a00   Section        0  mqttpacket.o(i.writeChar)
    i.writeInt                               0x08005a0c   Section        0  mqttpacket.o(i.writeInt)
    i.writeMQTTString                        0x08005a2a   Section        0  mqttpacket.o(i.writeMQTTString)
    .constdata                               0x08005a60   Section       16  stm32l475e_iot01.o(.constdata)
    .constdata                               0x08005a70   Section       88  main.o(.constdata)
    .constdata                               0x08005ac8   Section       64  system_stm32l4xx.o(.constdata)
    .constdata                               0x08005b08   Section        8  system_stm32l4xx.o(.constdata)
    .constdata                               0x08005b10   Section       88  mqttclient.o(.constdata)
    .data                                    0x20000000   Section       20  stm32l475e_iot01.o(.data)
    .data                                    0x20000014   Section        4  stm32l475e_iot01_tsensor.o(.data)
    tsensor_drv                              0x20000014   Data           4  stm32l475e_iot01_tsensor.o(.data)
    .data                                    0x20000018   Section       16  hts221.o(.data)
    .data                                    0x20000028   Section       12  stm32l4xx_hal.o(.data)
    .data                                    0x20000034   Section        4  main.o(.data)
    .data                                    0x20000038   Section        4  system_stm32l4xx.o(.data)
    .data                                    0x2000003c   Section        4  es_wifi.o(.data)
    .data                                    0x20000040   Section       16  es_wifi_io.o(.data)
    spi_rx_event                             0x20000040   Data           4  es_wifi_io.o(.data)
    spi_tx_event                             0x20000044   Data           4  es_wifi_io.o(.data)
    cmddata_rdy_rising_event                 0x20000048   Data           4  es_wifi_io.o(.data)
    cycle_per_loop                           0x2000004c   Data           4  es_wifi_io.o(.data)
    .data                                    0x20000050   Section        4  mqttpacket.o(.data)
    bufptr                                   0x20000050   Data           4  mqttpacket.o(.data)
    .data                                    0x20000054   Section        4  strtok_r.o(.data)
    state                                    0x20000054   Data           4  strtok_r.o(.data)
    .data                                    0x20000058   Section        4  stdout.o(.data)
    .bss                                     0x2000005c   Section       84  stm32l475e_iot01.o(.bss)
    .bss                                     0x200000b0   Section      136  stm32l475e_iot01.o(.bss)
    .bss                                     0x20000138   Section      512  main.o(.bss)
    .bss                                     0x20000338   Section     2304  wifi.o(.bss)
    EsWifiObj                                0x20000338   Data        2304  wifi.o(.bss)
    .bss                                     0x20000c38   Section      100  es_wifi_io.o(.bss)
    STACK                                    0x20000ca0   Section    32512  startup_stm32l475xx.o(STACK)

    Global Symbols

    Symbol Name                              Value     Ov Type        Size  Object(Section)

    BuildAttributes$$THM_ISAv4$E$P$D$K$B$S$7EM$VFPi3$EXTD16$VFPS$VFMA$PE$A:L22UL41UL21$X:L11$S22US41US21$IEEE1$IW$USESV6$~STKCKD$USESV7$~SHL$OSPACE$ROPI$EBA8$MICROLIB$REQ8$PRES8$EABIv2 0x00000000   Number         0  anon$$obj.o ABSOLUTE
    __ARM_use_no_argv                        0x00000000   Number         0  main.o ABSOLUTE
    _printf_a                                0x00000000   Number         0  stubs.o ABSOLUTE
    _printf_c                                0x00000000   Number         0  stubs.o ABSOLUTE
    _printf_charcount                        0x00000000   Number         0  stubs.o ABSOLUTE
    _printf_d                                0x00000000   Number         0  stubs.o ABSOLUTE
    _printf_e                                0x00000000   Number         0  stubs.o ABSOLUTE
    _printf_f                                0x00000000   Number         0  stubs.o ABSOLUTE
    _printf_flags                            0x00000000   Number         0  stubs.o ABSOLUTE
    _printf_fp_dec                           0x00000000   Number         0  stubs.o ABSOLUTE
    _printf_fp_hex                           0x00000000   Number         0  stubs.o ABSOLUTE
    _printf_g                                0x00000000   Number         0  stubs.o ABSOLUTE
    _printf_i                                0x00000000   Number         0  stubs.o ABSOLUTE
    _printf_int_dec                          0x00000000   Number         0  stubs.o ABSOLUTE
    _printf_l                                0x00000000   Number         0  stubs.o ABSOLUTE
    _printf_lc                               0x00000000   Number         0  stubs.o ABSOLUTE
    _printf_ll                               0x00000000   Number         0  stubs.o ABSOLUTE
    _printf_lld                              0x00000000   Number         0  stubs.o ABSOLUTE
    _printf_lli                              0x00000000   Number         0  stubs.o ABSOLUTE
    _printf_llo                              0x00000000   Number         0  stubs.o ABSOLUTE
    _printf_llu                              0x00000000   Number         0  stubs.o ABSOLUTE
    _printf_llx                              0x00000000   Number         0  stubs.o ABSOLUTE
    _printf_longlong_dec                     0x00000000   Number         0  stubs.o ABSOLUTE
    _printf_longlong_hex                     0x00000000   Number         0  stubs.o ABSOLUTE
    _printf_longlong_oct                     0x00000000   Number         0  stubs.o ABSOLUTE
    _printf_ls                               0x00000000   Number         0  stubs.o ABSOLUTE
    _printf_mbtowc                           0x00000000   Number         0  stubs.o ABSOLUTE
    _printf_n                                0x00000000   Number         0  stubs.o ABSOLUTE
    _printf_o                                0x00000000   Number         0  stubs.o ABSOLUTE
    _printf_p                                0x00000000   Number         0  stubs.o ABSOLUTE
    _printf_percent                          0x00000000   Number         0  stubs.o ABSOLUTE
    _printf_pre_padding                      0x00000000   Number         0  stubs.o ABSOLUTE
    _printf_return_value                     0x00000000   Number         0  stubs.o ABSOLUTE
    _printf_s                                0x00000000   Number         0  stubs.o ABSOLUTE
    _printf_sizespec                         0x00000000   Number         0  stubs.o ABSOLUTE
    _printf_str                              0x00000000   Number         0  stubs.o ABSOLUTE
    _printf_truncate_signed                  0x00000000   Number         0  stubs.o ABSOLUTE
    _printf_truncate_unsigned                0x00000000   Number         0  stubs.o ABSOLUTE
    _printf_u                                0x00000000   Number         0  stubs.o ABSOLUTE
    _printf_wc                               0x00000000   Number         0  stubs.o ABSOLUTE
    _printf_wctomb                           0x00000000   Number         0  stubs.o ABSOLUTE
    _printf_widthprec                        0x00000000   Number         0  stubs.o ABSOLUTE
    _printf_x                                0x00000000   Number         0  stubs.o ABSOLUTE
    __arm_fini_                               - Undefined Weak Reference
    __cpp_initialize__aeabi_                  - Undefined Weak Reference
    __cxa_finalize                            - Undefined Weak Reference
    __decompress                              - Undefined Weak Reference
    _clock_init                               - Undefined Weak Reference
    _microlib_exit                            - Undefined Weak Reference
    __Vectors_Size                           0x00000188   Number         0  startup_stm32l475xx.o ABSOLUTE
    __Vectors                                0x08000000   Data           4  startup_stm32l475xx.o(RESET)
    __Vectors_End                            0x08000188   Data           0  startup_stm32l475xx.o(RESET)
    __main                                   0x08000189   Thumb Code     0  entry.o(.ARM.Collect$$$$00000000)
    _main_stk                                0x08000189   Thumb Code     0  entry2.o(.ARM.Collect$$$$00000001)
    _main_scatterload                        0x0800018d   Thumb Code     0  entry5.o(.ARM.Collect$$$$00000004)
    __main_after_scatterload                 0x08000191   Thumb Code     0  entry5.o(.ARM.Collect$$$$00000004)
    _main_clock                              0x08000191   Thumb Code     0  entry7b.o(.ARM.Collect$$$$00000008)
    _main_cpp_init                           0x08000191   Thumb Code     0  entry8b.o(.ARM.Collect$$$$0000000A)
    _main_init                               0x08000191   Thumb Code     0  entry9a.o(.ARM.Collect$$$$0000000B)
    __rt_lib_shutdown_fini                   0x08000199   Thumb Code     0  entry12b.o(.ARM.Collect$$$$0000000E)
    __rt_final_cpp                           0x0800019d   Thumb Code     0  entry10a.o(.ARM.Collect$$$$0000000F)
    __rt_final_exit                          0x0800019d   Thumb Code     0  entry11a.o(.ARM.Collect$$$$00000011)
    Reset_Handler                            0x080001a1   Thumb Code     8  startup_stm32l475xx.o(.text)
    ADC1_2_IRQHandler                        0x080001bb   Thumb Code     0  startup_stm32l475xx.o(.text)
    ADC3_IRQHandler                          0x080001bb   Thumb Code     0  startup_stm32l475xx.o(.text)
    CAN1_RX0_IRQHandler                      0x080001bb   Thumb Code     0  startup_stm32l475xx.o(.text)
    CAN1_RX1_IRQHandler                      0x080001bb   Thumb Code     0  startup_stm32l475xx.o(.text)
    CAN1_SCE_IRQHandler                      0x080001bb   Thumb Code     0  startup_stm32l475xx.o(.text)
    CAN1_TX_IRQHandler                       0x080001bb   Thumb Code     0  startup_stm32l475xx.o(.text)
    COMP_IRQHandler                          0x080001bb   Thumb Code     0  startup_stm32l475xx.o(.text)
    DFSDM1_FLT0_IRQHandler                   0x080001bb   Thumb Code     0  startup_stm32l475xx.o(.text)
    DFSDM1_FLT1_IRQHandler                   0x080001bb   Thumb Code     0  startup_stm32l475xx.o(.text)
    DFSDM1_FLT2_IRQHandler                   0x080001bb   Thumb Code     0  startup_stm32l475xx.o(.text)
    DFSDM1_FLT3_IRQHandler                   0x080001bb   Thumb Code     0  startup_stm32l475xx.o(.text)
    DMA1_Channel1_IRQHandler                 0x080001bb   Thumb Code     0  startup_stm32l475xx.o(.text)
    DMA1_Channel2_IRQHandler                 0x080001bb   Thumb Code     0  startup_stm32l475xx.o(.text)
    DMA1_Channel3_IRQHandler                 0x080001bb   Thumb Code     0  startup_stm32l475xx.o(.text)
    DMA1_Channel4_IRQHandler                 0x080001bb   Thumb Code     0  startup_stm32l475xx.o(.text)
    DMA1_Channel5_IRQHandler                 0x080001bb   Thumb Code     0  startup_stm32l475xx.o(.text)
    DMA1_Channel6_IRQHandler                 0x080001bb   Thumb Code     0  startup_stm32l475xx.o(.text)
    DMA1_Channel7_IRQHandler                 0x080001bb   Thumb Code     0  startup_stm32l475xx.o(.text)
    DMA2_Channel1_IRQHandler                 0x080001bb   Thumb Code     0  startup_stm32l475xx.o(.text)
    DMA2_Channel2_IRQHandler                 0x080001bb   Thumb Code     0  startup_stm32l475xx.o(.text)
    DMA2_Channel3_IRQHandler                 0x080001bb   Thumb Code     0  startup_stm32l475xx.o(.text)
    DMA2_Channel4_IRQHandler                 0x080001bb   Thumb Code     0  startup_stm32l475xx.o(.text)
    DMA2_Channel5_IRQHandler                 0x080001bb   Thumb Code     0  startup_stm32l475xx.o(.text)
    DMA2_Channel6_IRQHandler                 0x080001bb   Thumb Code     0  startup_stm32l475xx.o(.text)
    DMA2_Channel7_IRQHandler                 0x080001bb   Thumb Code     0  startup_stm32l475xx.o(.text)
    EXTI0_IRQHandler                         0x080001bb   Thumb Code     0  startup_stm32l475xx.o(.text)
    EXTI15_10_IRQHandler                     0x080001bb   Thumb Code     0  startup_stm32l475xx.o(.text)
    EXTI2_IRQHandler                         0x080001bb   Thumb Code     0  startup_stm32l475xx.o(.text)
    EXTI3_IRQHandler                         0x080001bb   Thumb Code     0  startup_stm32l475xx.o(.text)
    EXTI4_IRQHandler                         0x080001bb   Thumb Code     0  startup_stm32l475xx.o(.text)
    EXTI9_5_IRQHandler                       0x080001bb   Thumb Code     0  startup_stm32l475xx.o(.text)
    FLASH_IRQHandler                         0x080001bb   Thumb Code     0  startup_stm32l475xx.o(.text)
    FMC_IRQHandler                           0x080001bb   Thumb Code     0  startup_stm32l475xx.o(.text)
    FPU_IRQHandler                           0x080001bb   Thumb Code     0  startup_stm32l475xx.o(.text)
    I2C1_ER_IRQHandler                       0x080001bb   Thumb Code     0  startup_stm32l475xx.o(.text)
    I2C1_EV_IRQHandler                       0x080001bb   Thumb Code     0  startup_stm32l475xx.o(.text)
    I2C2_ER_IRQHandler                       0x080001bb   Thumb Code     0  startup_stm32l475xx.o(.text)
    I2C2_EV_IRQHandler                       0x080001bb   Thumb Code     0  startup_stm32l475xx.o(.text)
    I2C3_ER_IRQHandler                       0x080001bb   Thumb Code     0  startup_stm32l475xx.o(.text)
    I2C3_EV_IRQHandler                       0x080001bb   Thumb Code     0  startup_stm32l475xx.o(.text)
    LPTIM1_IRQHandler                        0x080001bb   Thumb Code     0  startup_stm32l475xx.o(.text)
    LPTIM2_IRQHandler                        0x080001bb   Thumb Code     0  startup_stm32l475xx.o(.text)
    LPUART1_IRQHandler                       0x080001bb   Thumb Code     0  startup_stm32l475xx.o(.text)
    OTG_FS_IRQHandler                        0x080001bb   Thumb Code     0  startup_stm32l475xx.o(.text)
    PVD_PVM_IRQHandler                       0x080001bb   Thumb Code     0  startup_stm32l475xx.o(.text)
    QUADSPI_IRQHandler                       0x080001bb   Thumb Code     0  startup_stm32l475xx.o(.text)
    RCC_IRQHandler                           0x080001bb   Thumb Code     0  startup_stm32l475xx.o(.text)
    RNG_IRQHandler                           0x080001bb   Thumb Code     0  startup_stm32l475xx.o(.text)
    RTC_Alarm_IRQHandler                     0x080001bb   Thumb Code     0  startup_stm32l475xx.o(.text)
    RTC_WKUP_IRQHandler                      0x080001bb   Thumb Code     0  startup_stm32l475xx.o(.text)
    SAI1_IRQHandler                          0x080001bb   Thumb Code     0  startup_stm32l475xx.o(.text)
    SAI2_IRQHandler                          0x080001bb   Thumb Code     0  startup_stm32l475xx.o(.text)
    SDMMC1_IRQHandler                        0x080001bb   Thumb Code     0  startup_stm32l475xx.o(.text)
    SPI1_IRQHandler                          0x080001bb   Thumb Code     0  startup_stm32l475xx.o(.text)
    SPI2_IRQHandler                          0x080001bb   Thumb Code     0  startup_stm32l475xx.o(.text)
    SWPMI1_IRQHandler                        0x080001bb   Thumb Code     0  startup_stm32l475xx.o(.text)
    TAMP_STAMP_IRQHandler                    0x080001bb   Thumb Code     0  startup_stm32l475xx.o(.text)
    TIM1_BRK_TIM15_IRQHandler                0x080001bb   Thumb Code     0  startup_stm32l475xx.o(.text)
    TIM1_CC_IRQHandler                       0x080001bb   Thumb Code     0  startup_stm32l475xx.o(.text)
    TIM1_TRG_COM_TIM17_IRQHandler            0x080001bb   Thumb Code     0  startup_stm32l475xx.o(.text)
    TIM1_UP_TIM16_IRQHandler                 0x080001bb   Thumb Code     0  startup_stm32l475xx.o(.text)
    TIM2_IRQHandler                          0x080001bb   Thumb Code     0  startup_stm32l475xx.o(.text)
    TIM3_IRQHandler                          0x080001bb   Thumb Code     0  startup_stm32l475xx.o(.text)
    TIM4_IRQHandler                          0x080001bb   Thumb Code     0  startup_stm32l475xx.o(.text)
    TIM5_IRQHandler                          0x080001bb   Thumb Code     0  startup_stm32l475xx.o(.text)
    TIM6_DAC_IRQHandler                      0x080001bb   Thumb Code     0  startup_stm32l475xx.o(.text)
    TIM7_IRQHandler                          0x080001bb   Thumb Code     0  startup_stm32l475xx.o(.text)
    TIM8_BRK_IRQHandler                      0x080001bb   Thumb Code     0  startup_stm32l475xx.o(.text)
    TIM8_CC_IRQHandler                       0x080001bb   Thumb Code     0  startup_stm32l475xx.o(.text)
    TIM8_TRG_COM_IRQHandler                  0x080001bb   Thumb Code     0  startup_stm32l475xx.o(.text)
    TIM8_UP_IRQHandler                       0x080001bb   Thumb Code     0  startup_stm32l475xx.o(.text)
    TSC_IRQHandler                           0x080001bb   Thumb Code     0  startup_stm32l475xx.o(.text)
    UART4_IRQHandler                         0x080001bb   Thumb Code     0  startup_stm32l475xx.o(.text)
    UART5_IRQHandler                         0x080001bb   Thumb Code     0  startup_stm32l475xx.o(.text)
    USART1_IRQHandler                        0x080001bb   Thumb Code     0  startup_stm32l475xx.o(.text)
    USART2_IRQHandler                        0x080001bb   Thumb Code     0  startup_stm32l475xx.o(.text)
    USART3_IRQHandler                        0x080001bb   Thumb Code     0  startup_stm32l475xx.o(.text)
    WWDG_IRQHandler                          0x080001bb   Thumb Code     0  startup_stm32l475xx.o(.text)
    __aeabi_uldivmod                         0x080001c5   Thumb Code    98  uldiv.o(.text)
    __aeabi_memcpy                           0x0800022d   Thumb Code    36  memcpya.o(.text)
    __aeabi_memcpy4                          0x0800022d   Thumb Code     0  memcpya.o(.text)
    __aeabi_memcpy8                          0x0800022d   Thumb Code     0  memcpya.o(.text)
    strstr                                   0x08000251   Thumb Code    36  strstr.o(.text)
    strncpy                                  0x08000275   Thumb Code    24  strncpy.o(.text)
    strlen                                   0x0800028d   Thumb Code    14  strlen.o(.text)
    memcmp                                   0x0800029b   Thumb Code    26  memcmp.o(.text)
    strncmp                                  0x080002b5   Thumb Code    30  strncmp.o(.text)
    strtok_r                                 0x080002d5   Thumb Code    60  strtok_r.o(.text)
    strtok                                   0x08000311   Thumb Code     4  strtok_r.o(.text)
    __aeabi_llsl                             0x08000319   Thumb Code    30  llshl.o(.text)
    _ll_shift_l                              0x08000319   Thumb Code     0  llshl.o(.text)
    __aeabi_llsr                             0x08000337   Thumb Code    32  llushr.o(.text)
    _ll_ushift_r                             0x08000337   Thumb Code     0  llushr.o(.text)
    __scatterload                            0x08000359   Thumb Code    28  init.o(.text)
    __scatterload_rt2                        0x08000359   Thumb Code     0  init.o(.text)
    BSP_COM_Init                             0x0800070d   Thumb Code   156  stm32l475e_iot01.o(i.BSP_COM_Init)
    BSP_LED_Init                             0x080007b5   Thumb Code    60  stm32l475e_iot01.o(i.BSP_LED_Init)
    BSP_TSENSOR_Init                         0x080007fd   Thumb Code    26  stm32l475e_iot01_tsensor.o(i.BSP_TSENSOR_Init)
    BusFault_Handler                         0x08000821   Thumb Code     2  stm32l4xx_it.o(i.BusFault_Handler)
    DebugMon_Handler                         0x08000823   Thumb Code     2  stm32l4xx_it.o(i.DebugMon_Handler)
    ES_WIFI_Connect                          0x08000825   Thumb Code   122  es_wifi.o(i.ES_WIFI_Connect)
    ES_WIFI_DNS_LookUp                       0x080008bd   Thumb Code    66  es_wifi.o(i.ES_WIFI_DNS_LookUp)
    ES_WIFI_GetMACAddress                    0x0800090d   Thumb Code    60  es_wifi.o(i.ES_WIFI_GetMACAddress)
    ES_WIFI_GetNetworkSettings               0x08000951   Thumb Code    44  es_wifi.o(i.ES_WIFI_GetNetworkSettings)
    ES_WIFI_Init                             0x08000981   Thumb Code    56  es_wifi.o(i.ES_WIFI_Init)
    ES_WIFI_IsConnected                      0x080009c1   Thumb Code    54  es_wifi.o(i.ES_WIFI_IsConnected)
    ES_WIFI_ReceiveData                      0x080009fd   Thumb Code   220  es_wifi.o(i.ES_WIFI_ReceiveData)
    ES_WIFI_RegisterBusIO                    0x08000b9b   Thumb Code    36  es_wifi.o(i.ES_WIFI_RegisterBusIO)
    ES_WIFI_SendData                         0x08000bc1   Thumb Code   210  es_wifi.o(i.ES_WIFI_SendData)
    ES_WIFI_StartClientConnection            0x08000d45   Thumb Code   226  es_wifi.o(i.ES_WIFI_StartClientConnection)
    EXTI1_IRQHandler                         0x08000e69   Thumb Code     6  stm32l4xx_it.o(i.EXTI1_IRQHandler)
    HAL_DMA_Abort_IT                         0x08000e6f   Thumb Code    78  stm32l4xx_hal_dma.o(i.HAL_DMA_Abort_IT)
    HAL_Delay                                0x08000ebd   Thumb Code    32  stm32l4xx_hal.o(i.HAL_Delay)
    HAL_GPIO_EXTI_Callback                   0x08000ee1   Thumb Code    10  main.o(i.HAL_GPIO_EXTI_Callback)
    HAL_GPIO_EXTI_IRQHandler                 0x08000eed   Thumb Code    18  stm32l4xx_hal_gpio.o(i.HAL_GPIO_EXTI_IRQHandler)
    HAL_GPIO_Init                            0x08000f05   Thumb Code   500  stm32l4xx_hal_gpio.o(i.HAL_GPIO_Init)
    HAL_GPIO_ReadPin                         0x08001123   Thumb Code    10  stm32l4xx_hal_gpio.o(i.HAL_GPIO_ReadPin)
    HAL_GPIO_WritePin                        0x0800112d   Thumb Code    10  stm32l4xx_hal_gpio.o(i.HAL_GPIO_WritePin)
    HAL_GetTick                              0x08001139   Thumb Code     6  stm32l4xx_hal.o(i.HAL_GetTick)
    HAL_I2CEx_ConfigAnalogFilter             0x08001145   Thumb Code    86  stm32l4xx_hal_i2c_ex.o(i.HAL_I2CEx_ConfigAnalogFilter)
    HAL_I2C_DeInit                           0x0800119b   Thumb Code    50  stm32l4xx_hal_i2c.o(i.HAL_I2C_DeInit)
    HAL_I2C_Init                             0x080011cd   Thumb Code   184  stm32l4xx_hal_i2c.o(i.HAL_I2C_Init)
    HAL_I2C_Mem_Read                         0x08001289   Thumb Code   346  stm32l4xx_hal_i2c.o(i.HAL_I2C_Mem_Read)
    HAL_I2C_Mem_Write                        0x080013f5   Thumb Code   340  stm32l4xx_hal_i2c.o(i.HAL_I2C_Mem_Write)
    HAL_I2C_MspDeInit                        0x08001553   Thumb Code     2  stm32l4xx_hal_i2c.o(i.HAL_I2C_MspDeInit)
    HAL_I2C_MspInit                          0x08001555   Thumb Code     2  stm32l4xx_hal_i2c.o(i.HAL_I2C_MspInit)
    HAL_IncTick                              0x08001559   Thumb Code    12  stm32l4xx_hal.o(i.HAL_IncTick)
    HAL_Init                                 0x08001569   Thumb Code    30  stm32l4xx_hal.o(i.HAL_Init)
    HAL_InitTick                             0x08001589   Thumb Code    58  stm32l4xx_hal.o(i.HAL_InitTick)
    HAL_MspInit                              0x080015cd   Thumb Code     2  stm32l4xx_hal.o(i.HAL_MspInit)
    HAL_NVIC_EnableIRQ                       0x080015cf   Thumb Code    26  stm32l4xx_hal_cortex.o(i.HAL_NVIC_EnableIRQ)
    HAL_NVIC_SetPriority                     0x080015e9   Thumb Code    60  stm32l4xx_hal_cortex.o(i.HAL_NVIC_SetPriority)
    HAL_NVIC_SetPriorityGrouping             0x08001629   Thumb Code    26  stm32l4xx_hal_cortex.o(i.HAL_NVIC_SetPriorityGrouping)
    HAL_PWREx_GetVoltageRange                0x0800164d   Thumb Code    10  stm32l4xx_hal_pwr_ex.o(i.HAL_PWREx_GetVoltageRange)
    HAL_RCC_ClockConfig                      0x0800165d   Thumb Code   304  stm32l4xx_hal_rcc.o(i.HAL_RCC_ClockConfig)
    HAL_RCC_GetPCLK1Freq                     0x080017a1   Thumb Code    24  stm32l4xx_hal_rcc.o(i.HAL_RCC_GetPCLK1Freq)
    HAL_RCC_GetPCLK2Freq                     0x080017c5   Thumb Code    24  stm32l4xx_hal_rcc.o(i.HAL_RCC_GetPCLK2Freq)
    HAL_RCC_GetSysClockFreq                  0x080017e9   Thumb Code   150  stm32l4xx_hal_rcc.o(i.HAL_RCC_GetSysClockFreq)
    HAL_RCC_OscConfig                        0x0800188d   Thumb Code  1294  stm32l4xx_hal_rcc.o(i.HAL_RCC_OscConfig)
    HAL_SPI_DeInit                           0x08001da5   Thumb Code    46  stm32l4xx_hal_spi.o(i.HAL_SPI_DeInit)
    HAL_SPI_ErrorCallback                    0x08001dd3   Thumb Code     2  stm32l4xx_hal_spi.o(i.HAL_SPI_ErrorCallback)
    HAL_SPI_IRQHandler                       0x08001dd5   Thumb Code   246  stm32l4xx_hal_spi.o(i.HAL_SPI_IRQHandler)
    HAL_SPI_Init                             0x08001ed1   Thumb Code   284  stm32l4xx_hal_spi.o(i.HAL_SPI_Init)
    HAL_SPI_MspDeInit                        0x08001fed   Thumb Code     2  stm32l4xx_hal_spi.o(i.HAL_SPI_MspDeInit)
    HAL_SPI_MspInit                          0x08001fef   Thumb Code     2  stm32l4xx_hal_spi.o(i.HAL_SPI_MspInit)
    HAL_SPI_Receive                          0x08001ff1   Thumb Code   626  stm32l4xx_hal_spi.o(i.HAL_SPI_Receive)
    HAL_SPI_Receive_IT                       0x08002269   Thumb Code   242  stm32l4xx_hal_spi.o(i.HAL_SPI_Receive_IT)
    HAL_SPI_RxCpltCallback                   0x08002365   Thumb Code    14  es_wifi_io.o(i.HAL_SPI_RxCpltCallback)
    HAL_SPI_TransmitReceive                  0x08002379   Thumb Code   980  stm32l4xx_hal_spi.o(i.HAL_SPI_TransmitReceive)
    HAL_SPI_TransmitReceive_IT               0x08002755   Thumb Code   230  stm32l4xx_hal_spi.o(i.HAL_SPI_TransmitReceive_IT)
    HAL_SPI_Transmit_IT                      0x0800284d   Thumb Code   176  stm32l4xx_hal_spi.o(i.HAL_SPI_Transmit_IT)
    HAL_SPI_TxCpltCallback                   0x08002905   Thumb Code    14  es_wifi_io.o(i.HAL_SPI_TxCpltCallback)
    HAL_SPI_TxRxCpltCallback                 0x08002919   Thumb Code     2  stm32l4xx_hal_spi.o(i.HAL_SPI_TxRxCpltCallback)
    HAL_SYSTICK_Config                       0x0800291b   Thumb Code    40  stm32l4xx_hal_cortex.o(i.HAL_SYSTICK_Config)
    HAL_UART_Init                            0x08002943   Thumb Code   102  stm32l4xx_hal_uart.o(i.HAL_UART_Init)
    HAL_UART_MspInit                         0x080029a9   Thumb Code     2  stm32l4xx_hal_uart.o(i.HAL_UART_MspInit)
    HAL_UART_Transmit                        0x080029ab   Thumb Code   164  stm32l4xx_hal_uart.o(i.HAL_UART_Transmit)
    HTS221_T_Init                            0x08002a4f   Thumb Code    32  hts221.o(i.HTS221_T_Init)
    HTS221_T_ReadTemp                        0x08002a6f   Thumb Code   148  hts221.o(i.HTS221_T_ReadTemp)
    HardFault_Handler                        0x08002b03   Thumb Code     2  stm32l4xx_it.o(i.HardFault_Handler)
    MQTTCleanSession                         0x08002f79   Thumb Code    18  mqttclient.o(i.MQTTCleanSession)
    MQTTClientInit                           0x08002f8d   Thumb Code    76  mqttclient.o(i.MQTTClientInit)
    MQTTCloseSession                         0x08002fd9   Thumb Code    18  mqttclient.o(i.MQTTCloseSession)
    MQTTConnect                              0x08002feb   Thumb Code    10  mqttclient.o(i.MQTTConnect)
    MQTTConnectWithResults                   0x08002ff5   Thumb Code   150  mqttclient.o(i.MQTTConnectWithResults)
    MQTTDeserialize_ack                      0x08003091   Thumb Code    72  mqttdeserializepublish.o(i.MQTTDeserialize_ack)
    MQTTDeserialize_connack                  0x080030d9   Thumb Code    92  mqttconnectclient.o(i.MQTTDeserialize_connack)
    MQTTDeserialize_publish                  0x08003135   Thumb Code   140  mqttdeserializepublish.o(i.MQTTDeserialize_publish)
    MQTTPacket_decode                        0x080031c7   Thumb Code    54  mqttpacket.o(i.MQTTPacket_decode)
    MQTTPacket_decodeBuf                     0x080031fd   Thumb Code    10  mqttpacket.o(i.MQTTPacket_decodeBuf)
    MQTTPacket_encode                        0x08003211   Thumb Code    42  mqttpacket.o(i.MQTTPacket_encode)
    MQTTPacket_equals                        0x0800323b   Thumb Code    52  mqttpacket.o(i.MQTTPacket_equals)
    MQTTPacket_len                           0x08003271   Thumb Code    34  mqttpacket.o(i.MQTTPacket_len)
    MQTTPublish                              0x08003299   Thumb Code   196  mqttclient.o(i.MQTTPublish)
    MQTTSerialize_ack                        0x0800335d   Thumb Code    72  mqttserializepublish.o(i.MQTTSerialize_ack)
    MQTTSerialize_connect                    0x080033a5   Thumb Code   262  mqttconnectclient.o(i.MQTTSerialize_connect)
    MQTTSerialize_connectLength              0x080034bd   Thumb Code   118  mqttconnectclient.o(i.MQTTSerialize_connectLength)
    MQTTSerialize_pingreq                    0x08003533   Thumb Code     6  mqttconnectclient.o(i.MQTTSerialize_pingreq)
    MQTTSerialize_publish                    0x08003539   Thumb Code   134  mqttserializepublish.o(i.MQTTSerialize_publish)
    MQTTSerialize_publishLength              0x080035c5   Thumb Code    30  mqttserializepublish.o(i.MQTTSerialize_publishLength)
    MQTTSerialize_zero                       0x080035e3   Thumb Code    50  mqttconnectclient.o(i.MQTTSerialize_zero)
    MQTTYield                                0x08003615   Thumb Code    54  mqttclient.o(i.MQTTYield)
    MQTTstrlen                               0x0800364b   Thumb Code    14  mqttpacket.o(i.MQTTstrlen)
    MemManage_Handler                        0x08003659   Thumb Code     2  stm32l4xx_it.o(i.MemManage_Handler)
    NMI_Handler                              0x0800365b   Thumb Code     2  stm32l4xx_it.o(i.NMI_Handler)
    PendSV_Handler                           0x0800378d   Thumb Code     2  stm32l4xx_it.o(i.PendSV_Handler)
    SENSOR_IO_Init                           0x0800380d   Thumb Code     6  stm32l475e_iot01.o(i.SENSOR_IO_Init)
    SENSOR_IO_Read                           0x08003819   Thumb Code    32  stm32l475e_iot01.o(i.SENSOR_IO_Read)
    SENSOR_IO_ReadMultiple                   0x0800383d   Thumb Code    20  stm32l475e_iot01.o(i.SENSOR_IO_ReadMultiple)
    SENSOR_IO_Write                          0x08003855   Thumb Code    26  stm32l475e_iot01.o(i.SENSOR_IO_Write)
    SPI3_IRQHandler                          0x08003875   Thumb Code     6  main.o(i.SPI3_IRQHandler)
    SPI_WIFI_DeInit                          0x08003d69   Thumb Code    12  es_wifi_io.o(i.SPI_WIFI_DeInit)
    SPI_WIFI_Delay                           0x08003d79   Thumb Code     4  es_wifi_io.o(i.SPI_WIFI_Delay)
    SPI_WIFI_ISR                             0x08003de5   Thumb Code    14  es_wifi_io.o(i.SPI_WIFI_ISR)
    SPI_WIFI_Init                            0x08003df9   Thumb Code   114  es_wifi_io.o(i.SPI_WIFI_Init)
    SPI_WIFI_MspInit                         0x08003e75   Thumb Code   250  es_wifi_io.o(i.SPI_WIFI_MspInit)
    SPI_WIFI_ReceiveData                     0x08003f81   Thumb Code   236  es_wifi_io.o(i.SPI_WIFI_ReceiveData)
    SPI_WIFI_ResetModule                     0x08004081   Thumb Code   212  es_wifi_io.o(i.SPI_WIFI_ResetModule)
    SPI_WIFI_SendData                        0x08004165   Thumb Code   162  es_wifi_io.o(i.SPI_WIFI_SendData)
    SVC_Handler                              0x080043bd   Thumb Code     2  stm32l4xx_it.o(i.SVC_Handler)
    SysTick_Handler                          0x080043bf   Thumb Code     4  stm32l4xx_it.o(i.SysTick_Handler)
    SystemInit                               0x080043c5   Thumb Code    56  system_stm32l4xx.o(i.SystemInit)
    TimerCountdown                           0x08004409   Thumb Code    10  timer.o(i.TimerCountdown)
    TimerCountdownMS                         0x08004413   Thumb Code    20  timer.o(i.TimerCountdownMS)
    TimerInit                                0x08004427   Thumb Code    18  timer.o(i.TimerInit)
    TimerIsExpired                           0x08004439   Thumb Code    24  timer.o(i.TimerIsExpired)
    TimerLeftMS                              0x08004451   Thumb Code    24  timer.o(i.TimerLeftMS)
    UART_AdvFeatureConfig                    0x08004469   Thumb Code   200  stm32l4xx_hal_uart.o(i.UART_AdvFeatureConfig)
    UART_CheckIdleState                      0x08004531   Thumb Code   168  stm32l4xx_hal_uart.o(i.UART_CheckIdleState)
    UART_SetConfig                           0x08004625   Thumb Code   542  stm32l4xx_hal_uart.o(i.UART_SetConfig)
    UART_WaitOnFlagUntilTimeout              0x0800486d   Thumb Code   140  stm32l4xx_hal_uart.o(i.UART_WaitOnFlagUntilTimeout)
    UsageFault_Handler                       0x080048f9   Thumb Code     2  stm32l4xx_it.o(i.UsageFault_Handler)
    WIFI_Connect                             0x080048fd   Thumb Code    32  wifi.o(i.WIFI_Connect)
    WIFI_GetHostAddress                      0x08004921   Thumb Code    30  wifi.o(i.WIFI_GetHostAddress)
    WIFI_GetIP_Address                       0x08004945   Thumb Code    40  wifi.o(i.WIFI_GetIP_Address)
    WIFI_GetMAC_Address                      0x08004971   Thumb Code    26  wifi.o(i.WIFI_GetMAC_Address)
    WIFI_Init                                0x08004991   Thumb Code    40  wifi.o(i.WIFI_Init)
    WIFI_OpenClientConnection                0x080049d1   Thumb Code    76  wifi.o(i.WIFI_OpenClientConnection)
    WIFI_ReceiveData                         0x08004a21   Thumb Code    32  wifi.o(i.WIFI_ReceiveData)
    WIFI_SendData                            0x08004a45   Thumb Code    32  wifi.o(i.WIFI_SendData)
    __0printf$8                              0x08004a69   Thumb Code    22  printf8.o(i.__0printf$8)
    __1printf$8                              0x08004a69   Thumb Code     0  printf8.o(i.__0printf$8)
    __2printf                                0x08004a69   Thumb Code     0  printf8.o(i.__0printf$8)
    __0snprintf$8                            0x08004a89   Thumb Code    48  printf8.o(i.__0snprintf$8)
    __1snprintf$8                            0x08004a89   Thumb Code     0  printf8.o(i.__0snprintf$8)
    __2snprintf                              0x08004a89   Thumb Code     0  printf8.o(i.__0snprintf$8)
    __0sprintf$8                             0x08004abd   Thumb Code    34  printf8.o(i.__0sprintf$8)
    __1sprintf$8                             0x08004abd   Thumb Code     0  printf8.o(i.__0sprintf$8)
    __2sprintf                               0x08004abd   Thumb Code     0  printf8.o(i.__0sprintf$8)
    __scatterload_copy                       0x08004b05   Thumb Code    14  handlers.o(i.__scatterload_copy)
    __scatterload_null                       0x08004b13   Thumb Code     2  handlers.o(i.__scatterload_null)
    __scatterload_zeroinit                   0x08004b15   Thumb Code    14  handlers.o(i.__scatterload_zeroinit)
    bufchar                                  0x08004fa1   Thumb Code    30  mqttpacket.o(i.bufchar)
    cycle                                    0x08004fc5   Thumb Code   278  mqttclient.o(i.cycle)
    deliverMessage                           0x080050dd   Thumb Code   174  mqttclient.o(i.deliverMessage)
    fputc                                    0x08005191   Thumb Code    20  main.o(i.fputc)
    keepalive                                0x080051bf   Thumb Code    88  mqttclient.o(i.keepalive)
    main                                     0x08005219   Thumb Code   406  main.o(i.main)
    mqtt_network_read                        0x080055cd   Thumb Code    28  mqttinterface.o(i.mqtt_network_read)
    mqtt_network_write                       0x080055e9   Thumb Code    32  mqttinterface.o(i.mqtt_network_write)
    readChar                                 0x08005609   Thumb Code    12  mqttpacket.o(i.readChar)
    readInt                                  0x08005615   Thumb Code    18  mqttpacket.o(i.readInt)
    readMQTTLenString                        0x08005627   Thumb Code    52  mqttpacket.o(i.readMQTTLenString)
    waitfor                                  0x080057a1   Thumb Code    46  mqttclient.o(i.waitfor)
    wifi_connect                             0x080057d1   Thumb Code   142  main.o(i.wifi_connect)
    writeCString                             0x080059d9   Thumb Code    40  mqttpacket.o(i.writeCString)
    writeChar                                0x08005a01   Thumb Code    12  mqttpacket.o(i.writeChar)
    writeInt                                 0x08005a0d   Thumb Code    30  mqttpacket.o(i.writeInt)
    writeMQTTString                          0x08005a2b   Thumb Code    54  mqttpacket.o(i.writeMQTTString)
    BUTTON_PIN                               0x08005a60   Data           2  stm32l475e_iot01.o(.constdata)
    BUTTON_IRQn                              0x08005a62   Data           2  stm32l475e_iot01.o(.constdata)
    COM_TX_PIN                               0x08005a64   Data           2  stm32l475e_iot01.o(.constdata)
    COM_RX_PIN                               0x08005a66   Data           2  stm32l475e_iot01.o(.constdata)
    COM_TX_AF                                0x08005a68   Data           2  stm32l475e_iot01.o(.constdata)
    COM_RX_AF                                0x08005a6a   Data           2  stm32l475e_iot01.o(.constdata)
    GPIO_PIN                                 0x08005a6c   Data           4  stm32l475e_iot01.o(.constdata)
    AHBPrescTable                            0x08005ac8   Data          16  system_stm32l4xx.o(.constdata)
    MSIRangeTable                            0x08005ad8   Data          48  system_stm32l4xx.o(.constdata)
    APBPrescTable                            0x08005b08   Data           8  system_stm32l4xx.o(.constdata)
    Region$$Table$$Base                      0x08005b68   Number         0  anon$$obj.o(Region$$Table)
    Region$$Table$$Limit                     0x08005b88   Number         0  anon$$obj.o(Region$$Table)
    GPIO_PORT                                0x20000000   Data           4  stm32l475e_iot01.o(.data)
    BUTTON_PORT                              0x20000004   Data           4  stm32l475e_iot01.o(.data)
    COM_USART                                0x20000008   Data           4  stm32l475e_iot01.o(.data)
    COM_TX_PORT                              0x2000000c   Data           4  stm32l475e_iot01.o(.data)
    COM_RX_PORT                              0x20000010   Data           4  stm32l475e_iot01.o(.data)
    HTS221_T_Drv                             0x20000018   Data          16  hts221.o(.data)
    uwTickFreq                               0x20000028   Data           1  stm32l4xx_hal.o(.data)
    uwTickPrio                               0x2000002c   Data           4  stm32l4xx_hal.o(.data)
    uwTick                                   0x20000030   Data           4  stm32l4xx_hal.o(.data)
    IP_Addr                                  0x20000034   Data           4  main.o(.data)
    SystemCoreClock                          0x20000038   Data           4  system_stm32l4xx.o(.data)
    issue15                                  0x2000003c   Data           4  es_wifi.o(.data)
    __stdout                                 0x20000058   Data           4  stdout.o(.data)
    hI2cHandler                              0x2000005c   Data          84  stm32l475e_iot01.o(.bss)
    hDiscoUart                               0x200000b0   Data         136  stm32l475e_iot01.o(.bss)
    mqtt_sendbuf                             0x20000138   Data         256  main.o(.bss)
    mqtt_readbuf                             0x20000238   Data         256  main.o(.bss)
    hspi                                     0x20000c38   Data         100  es_wifi_io.o(.bss)
    __initial_sp                             0x20008ba0   Data           0  startup_stm32l475xx.o(STACK)



==============================================================================

Memory Map of the image

  Image Entry point : 0x08000189

  Load Region LR_IROM1 (Base: 0x08000000, Size: 0x00005be4, Max: 0x00100000, ABSOLUTE)

    Execution Region ER_IROM1 (Exec base: 0x08000000, Load base: 0x08000000, Size: 0x00005b88, Max: 0x00100000, ABSOLUTE)

    Exec Addr    Load Addr    Size         Type   Attr      Idx    E Section Name        Object

    0x08000000   0x08000000   0x00000188   Data   RO         4291    RESET               startup_stm32l475xx.o
    0x08000188   0x08000188   0x00000000   Code   RO         4897  * .ARM.Collect$$$$00000000  mc_w.l(entry.o)
    0x08000188   0x08000188   0x00000004   Code   RO         5187    .ARM.Collect$$$$00000001  mc_w.l(entry2.o)
    0x0800018c   0x0800018c   0x00000004   Code   RO         5190    .ARM.Collect$$$$00000004  mc_w.l(entry5.o)
    0x08000190   0x08000190   0x00000000   Code   RO         5192    .ARM.Collect$$$$00000008  mc_w.l(entry7b.o)
    0x08000190   0x08000190   0x00000000   Code   RO         5194    .ARM.Collect$$$$0000000A  mc_w.l(entry8b.o)
    0x08000190   0x08000190   0x00000008   Code   RO         5195    .ARM.Collect$$$$0000000B  mc_w.l(entry9a.o)
    0x08000198   0x08000198   0x00000004   Code   RO         5202    .ARM.Collect$$$$0000000E  mc_w.l(entry12b.o)
    0x0800019c   0x0800019c   0x00000000   Code   RO         5197    .ARM.Collect$$$$0000000F  mc_w.l(entry10a.o)
    0x0800019c   0x0800019c   0x00000000   Code   RO         5199    .ARM.Collect$$$$00000011  mc_w.l(entry11a.o)
    0x0800019c   0x0800019c   0x00000004   Code   RO         5188    .ARM.Collect$$$$00002712  mc_w.l(entry2.o)
    0x080001a0   0x080001a0   0x00000024   Code   RO         4292    .text               startup_stm32l475xx.o
    0x080001c4   0x080001c4   0x00000068   Code   RO         4900    .text               mc_w.l(uldiv.o)
    0x0800022c   0x0800022c   0x00000024   Code   RO         4902    .text               mc_w.l(memcpya.o)
    0x08000250   0x08000250   0x00000024   Code   RO         4906    .text               mc_w.l(strstr.o)
    0x08000274   0x08000274   0x00000018   Code   RO         4908    .text               mc_w.l(strncpy.o)
    0x0800028c   0x0800028c   0x0000000e   Code   RO         4910    .text               mc_w.l(strlen.o)
    0x0800029a   0x0800029a   0x0000001a   Code   RO         4914    .text               mc_w.l(memcmp.o)
    0x080002b4   0x080002b4   0x0000001e   Code   RO         4916    .text               mc_w.l(strncmp.o)
    0x080002d2   0x080002d2   0x00000002   PAD
    0x080002d4   0x080002d4   0x00000044   Code   RO         4921    .text               mc_w.l(strtok_r.o)
    0x08000318   0x08000318   0x0000001e   Code   RO         5206    .text               mc_w.l(llshl.o)
    0x08000336   0x08000336   0x00000020   Code   RO         5208    .text               mc_w.l(llushr.o)
    0x08000356   0x08000356   0x00000002   PAD
    0x08000358   0x08000358   0x00000024   Code   RO         5221    .text               mc_w.l(init.o)
    0x0800037c   0x0800037c   0x0000008c   Code   RO         3679    i.AT_ExecuteCommand  es_wifi.o
    0x08000408   0x08000408   0x000000d8   Code   RO         3681    i.AT_ParseConnSettings  es_wifi.o
    0x080004e0   0x080004e0   0x000000b8   Code   RO         3682    i.AT_ParseInfo      es_wifi.o
    0x08000598   0x08000598   0x000000d0   Code   RO         3686    i.AT_RequestReceiveData  es_wifi.o
    0x08000668   0x08000668   0x000000a4   Code   RO         3687    i.AT_RequestSendData  es_wifi.o
    0x0800070c   0x0800070c   0x000000a8   Code   RO            5    i.BSP_COM_Init      stm32l475e_iot01.o
    0x080007b4   0x080007b4   0x00000048   Code   RO            8    i.BSP_LED_Init      stm32l475e_iot01.o
    0x080007fc   0x080007fc   0x00000024   Code   RO          338    i.BSP_TSENSOR_Init  stm32l475e_iot01_tsensor.o
    0x08000820   0x08000820   0x00000002   Code   RO         3395    i.BusFault_Handler  stm32l4xx_it.o
    0x08000822   0x08000822   0x00000002   Code   RO         3396    i.DebugMon_Handler  stm32l4xx_it.o
    0x08000824   0x08000824   0x00000098   Code   RO         3690    i.ES_WIFI_Connect   es_wifi.o
    0x080008bc   0x080008bc   0x00000050   Code   RO         3691    i.ES_WIFI_DNS_LookUp  es_wifi.o
    0x0800090c   0x0800090c   0x00000044   Code   RO         3696    i.ES_WIFI_GetMACAddress  es_wifi.o
    0x08000950   0x08000950   0x00000030   Code   RO         3697    i.ES_WIFI_GetNetworkSettings  es_wifi.o
    0x08000980   0x08000980   0x00000040   Code   RO         3704    i.ES_WIFI_Init      es_wifi.o
    0x080009c0   0x080009c0   0x0000003c   Code   RO         3705    i.ES_WIFI_IsConnected  es_wifi.o
    0x080009fc   0x080009fc   0x0000019e   Code   RO         3708    i.ES_WIFI_ReceiveData  es_wifi.o
    0x08000b9a   0x08000b9a   0x00000024   Code   RO         3710    i.ES_WIFI_RegisterBusIO  es_wifi.o
    0x08000bbe   0x08000bbe   0x00000002   PAD
    0x08000bc0   0x08000bc0   0x00000182   Code   RO         3713    i.ES_WIFI_SendData  es_wifi.o
    0x08000d42   0x08000d42   0x00000002   PAD
    0x08000d44   0x08000d44   0x00000124   Code   RO         3718    i.ES_WIFI_StartClientConnection  es_wifi.o
    0x08000e68   0x08000e68   0x00000006   Code   RO         3397    i.EXTI1_IRQHandler  stm32l4xx_it.o
    0x08000e6e   0x08000e6e   0x0000004e   Code   RO          896    i.HAL_DMA_Abort_IT  stm32l4xx_hal_dma.o
    0x08000ebc   0x08000ebc   0x00000024   Code   RO          667    i.HAL_Delay         stm32l4xx_hal.o
    0x08000ee0   0x08000ee0   0x0000000a   Code   RO         3560    i.HAL_GPIO_EXTI_Callback  main.o
    0x08000eea   0x08000eea   0x00000002   PAD
    0x08000eec   0x08000eec   0x00000018   Code   RO          437    i.HAL_GPIO_EXTI_IRQHandler  stm32l4xx_hal_gpio.o
    0x08000f04   0x08000f04   0x0000021e   Code   RO          438    i.HAL_GPIO_Init     stm32l4xx_hal_gpio.o
    0x08001122   0x08001122   0x0000000a   Code   RO          440    i.HAL_GPIO_ReadPin  stm32l4xx_hal_gpio.o
    0x0800112c   0x0800112c   0x0000000a   Code   RO          442    i.HAL_GPIO_WritePin  stm32l4xx_hal_gpio.o
    0x08001136   0x08001136   0x00000002   PAD
    0x08001138   0x08001138   0x0000000c   Code   RO          671    i.HAL_GetTick       stm32l4xx_hal.o
    0x08001144   0x08001144   0x00000056   Code   RO         1996    i.HAL_I2CEx_ConfigAnalogFilter  stm32l4xx_hal_i2c_ex.o
    0x0800119a   0x0800119a   0x00000032   Code   RO         2673    i.HAL_I2C_DeInit    stm32l4xx_hal_i2c.o
    0x080011cc   0x080011cc   0x000000bc   Code   RO         2682    i.HAL_I2C_Init      stm32l4xx_hal_i2c.o
    0x08001288   0x08001288   0x0000016a   Code   RO         2700    i.HAL_I2C_Mem_Read  stm32l4xx_hal_i2c.o
    0x080013f2   0x080013f2   0x00000002   PAD
    0x080013f4   0x080013f4   0x0000015e   Code   RO         2703    i.HAL_I2C_Mem_Write  stm32l4xx_hal_i2c.o
    0x08001552   0x08001552   0x00000002   Code   RO         2706    i.HAL_I2C_MspDeInit  stm32l4xx_hal_i2c.o
    0x08001554   0x08001554   0x00000002   Code   RO         2707    i.HAL_I2C_MspInit   stm32l4xx_hal_i2c.o
    0x08001556   0x08001556   0x00000002   PAD
    0x08001558   0x08001558   0x00000010   Code   RO          677    i.HAL_IncTick       stm32l4xx_hal.o
    0x08001568   0x08001568   0x0000001e   Code   RO          678    i.HAL_Init          stm32l4xx_hal.o
    0x08001586   0x08001586   0x00000002   PAD
    0x08001588   0x08001588   0x00000044   Code   RO          679    i.HAL_InitTick      stm32l4xx_hal.o
    0x080015cc   0x080015cc   0x00000002   Code   RO          681    i.HAL_MspInit       stm32l4xx_hal.o
    0x080015ce   0x080015ce   0x0000001a   Code   RO          506    i.HAL_NVIC_EnableIRQ  stm32l4xx_hal_cortex.o
    0x080015e8   0x080015e8   0x00000040   Code   RO          512    i.HAL_NVIC_SetPriority  stm32l4xx_hal_cortex.o
    0x08001628   0x08001628   0x00000024   Code   RO          513    i.HAL_NVIC_SetPriorityGrouping  stm32l4xx_hal_cortex.o
    0x0800164c   0x0800164c   0x00000010   Code   RO         3175    i.HAL_PWREx_GetVoltageRange  stm32l4xx_hal_pwr_ex.o
    0x0800165c   0x0800165c   0x00000144   Code   RO          990    i.HAL_RCC_ClockConfig  stm32l4xx_hal_rcc.o
    0x080017a0   0x080017a0   0x00000024   Code   RO          996    i.HAL_RCC_GetPCLK1Freq  stm32l4xx_hal_rcc.o
    0x080017c4   0x080017c4   0x00000024   Code   RO          997    i.HAL_RCC_GetPCLK2Freq  stm32l4xx_hal_rcc.o
    0x080017e8   0x080017e8   0x000000a4   Code   RO          999    i.HAL_RCC_GetSysClockFreq  stm32l4xx_hal_rcc.o
    0x0800188c   0x0800188c   0x00000518   Code   RO         1002    i.HAL_RCC_OscConfig  stm32l4xx_hal_rcc.o
    0x08001da4   0x08001da4   0x0000002e   Code   RO         1514    i.HAL_SPI_DeInit    stm32l4xx_hal_spi.o
    0x08001dd2   0x08001dd2   0x00000002   Code   RO         1515    i.HAL_SPI_ErrorCallback  stm32l4xx_hal_spi.o
    0x08001dd4   0x08001dd4   0x000000fc   Code   RO         1518    i.HAL_SPI_IRQHandler  stm32l4xx_hal_spi.o
    0x08001ed0   0x08001ed0   0x0000011c   Code   RO         1519    i.HAL_SPI_Init      stm32l4xx_hal_spi.o
    0x08001fec   0x08001fec   0x00000002   Code   RO         1520    i.HAL_SPI_MspDeInit  stm32l4xx_hal_spi.o
    0x08001fee   0x08001fee   0x00000002   Code   RO         1521    i.HAL_SPI_MspInit   stm32l4xx_hal_spi.o
    0x08001ff0   0x08001ff0   0x00000278   Code   RO         1522    i.HAL_SPI_Receive   stm32l4xx_hal_spi.o
    0x08002268   0x08002268   0x000000fc   Code   RO         1524    i.HAL_SPI_Receive_IT  stm32l4xx_hal_spi.o
    0x08002364   0x08002364   0x00000014   Code   RO         4200    i.HAL_SPI_RxCpltCallback  es_wifi_io.o
    0x08002378   0x08002378   0x000003da   Code   RO         1528    i.HAL_SPI_TransmitReceive  stm32l4xx_hal_spi.o
    0x08002752   0x08002752   0x00000002   PAD
    0x08002754   0x08002754   0x000000f8   Code   RO         1530    i.HAL_SPI_TransmitReceive_IT  stm32l4xx_hal_spi.o
    0x0800284c   0x0800284c   0x000000b8   Code   RO         1532    i.HAL_SPI_Transmit_IT  stm32l4xx_hal_spi.o
    0x08002904   0x08002904   0x00000014   Code   RO         4201    i.HAL_SPI_TxCpltCallback  es_wifi_io.o
    0x08002918   0x08002918   0x00000002   Code   RO         1535    i.HAL_SPI_TxRxCpltCallback  stm32l4xx_hal_spi.o
    0x0800291a   0x0800291a   0x00000028   Code   RO          517    i.HAL_SYSTICK_Config  stm32l4xx_hal_cortex.o
    0x08002942   0x08002942   0x00000066   Code   RO         2308    i.HAL_UART_Init     stm32l4xx_hal_uart.o
    0x080029a8   0x080029a8   0x00000002   Code   RO         2310    i.HAL_UART_MspInit  stm32l4xx_hal_uart.o
    0x080029aa   0x080029aa   0x000000a4   Code   RO         2317    i.HAL_UART_Transmit  stm32l4xx_hal_uart.o
    0x08002a4e   0x08002a4e   0x00000020   Code   RO          386    i.HTS221_T_Init     hts221.o
    0x08002a6e   0x08002a6e   0x00000094   Code   RO          387    i.HTS221_T_ReadTemp  hts221.o
    0x08002b02   0x08002b02   0x00000002   Code   RO         3398    i.HardFault_Handler  stm32l4xx_it.o
    0x08002b04   0x08002b04   0x00000022   Code   RO         2729    i.I2C_Flush_TXDR    stm32l4xx_hal_i2c.o
    0x08002b26   0x08002b26   0x00000002   PAD
    0x08002b28   0x08002b28   0x0000010c   Code   RO         2737    i.I2C_IsErrorOccurred  stm32l4xx_hal_i2c.o
    0x08002c34   0x08002c34   0x00000064   Code   RO         2742    i.I2C_RequestMemoryRead  stm32l4xx_hal_i2c.o
    0x08002c98   0x08002c98   0x00000064   Code   RO         2743    i.I2C_RequestMemoryWrite  stm32l4xx_hal_i2c.o
    0x08002cfc   0x08002cfc   0x00000030   Code   RO         2746    i.I2C_TransferConfig  stm32l4xx_hal_i2c.o
    0x08002d2c   0x08002d2c   0x0000006c   Code   RO         2748    i.I2C_WaitOnFlagUntilTimeout  stm32l4xx_hal_i2c.o
    0x08002d98   0x08002d98   0x00000056   Code   RO         2750    i.I2C_WaitOnSTOPFlagUntilTimeout  stm32l4xx_hal_i2c.o
    0x08002dee   0x08002dee   0x0000005a   Code   RO         2751    i.I2C_WaitOnTXISFlagUntilTimeout  stm32l4xx_hal_i2c.o
    0x08002e48   0x08002e48   0x00000012   Code   RO           16    i.I2Cx_Error        stm32l475e_iot01.o
    0x08002e5a   0x08002e5a   0x00000002   PAD
    0x08002e5c   0x08002e5c   0x0000003c   Code   RO           17    i.I2Cx_Init         stm32l475e_iot01.o
    0x08002e98   0x08002e98   0x0000008c   Code   RO           18    i.I2Cx_MspInit      stm32l475e_iot01.o
    0x08002f24   0x08002f24   0x0000002a   Code   RO           19    i.I2Cx_ReadMultiple  stm32l475e_iot01.o
    0x08002f4e   0x08002f4e   0x0000002a   Code   RO           20    i.I2Cx_WriteMultiple  stm32l475e_iot01.o
    0x08002f78   0x08002f78   0x00000012   Code   RO         4299    i.MQTTCleanSession  mqttclient.o
    0x08002f8a   0x08002f8a   0x00000002   PAD
    0x08002f8c   0x08002f8c   0x0000004c   Code   RO         4300    i.MQTTClientInit    mqttclient.o
    0x08002fd8   0x08002fd8   0x00000012   Code   RO         4301    i.MQTTCloseSession  mqttclient.o
    0x08002fea   0x08002fea   0x0000000a   Code   RO         4302    i.MQTTConnect       mqttclient.o
    0x08002ff4   0x08002ff4   0x0000009c   Code   RO         4303    i.MQTTConnectWithResults  mqttclient.o
    0x08003090   0x08003090   0x00000048   Code   RO         4587    i.MQTTDeserialize_ack  mqttdeserializepublish.o
    0x080030d8   0x080030d8   0x0000005c   Code   RO         4514    i.MQTTDeserialize_connack  mqttconnectclient.o
    0x08003134   0x08003134   0x00000092   Code   RO         4588    i.MQTTDeserialize_publish  mqttdeserializepublish.o
    0x080031c6   0x080031c6   0x00000036   Code   RO         4663    i.MQTTPacket_decode  mqttpacket.o
    0x080031fc   0x080031fc   0x00000014   Code   RO         4664    i.MQTTPacket_decodeBuf  mqttpacket.o
    0x08003210   0x08003210   0x0000002a   Code   RO         4665    i.MQTTPacket_encode  mqttpacket.o
    0x0800323a   0x0800323a   0x00000034   Code   RO         4666    i.MQTTPacket_equals  mqttpacket.o
    0x0800326e   0x0800326e   0x00000002   PAD
    0x08003270   0x08003270   0x00000028   Code   RO         4667    i.MQTTPacket_len    mqttpacket.o
    0x08003298   0x08003298   0x000000c4   Code   RO         4305    i.MQTTPublish       mqttclient.o
    0x0800335c   0x0800335c   0x00000048   Code   RO         4771    i.MQTTSerialize_ack  mqttserializepublish.o
    0x080033a4   0x080033a4   0x00000118   Code   RO         4515    i.MQTTSerialize_connect  mqttconnectclient.o
    0x080034bc   0x080034bc   0x00000076   Code   RO         4516    i.MQTTSerialize_connectLength  mqttconnectclient.o
    0x08003532   0x08003532   0x00000006   Code   RO         4518    i.MQTTSerialize_pingreq  mqttconnectclient.o
    0x08003538   0x08003538   0x0000008c   Code   RO         4774    i.MQTTSerialize_publish  mqttserializepublish.o
    0x080035c4   0x080035c4   0x0000001e   Code   RO         4775    i.MQTTSerialize_publishLength  mqttserializepublish.o
    0x080035e2   0x080035e2   0x00000032   Code   RO         4519    i.MQTTSerialize_zero  mqttconnectclient.o
    0x08003614   0x08003614   0x00000036   Code   RO         4311    i.MQTTYield         mqttclient.o
    0x0800364a   0x0800364a   0x0000000e   Code   RO         4670    i.MQTTstrlen        mqttpacket.o
    0x08003658   0x08003658   0x00000002   Code   RO         3399    i.MemManage_Handler  stm32l4xx_it.o
    0x0800365a   0x0800365a   0x00000002   Code   RO         3400    i.NMI_Handler       stm32l4xx_it.o
    0x0800365c   0x0800365c   0x00000040   Code   RO         3730    i.ParseIP           es_wifi.o
    0x0800369c   0x0800369c   0x000000ae   Code   RO         3731    i.ParseMAC          es_wifi.o
    0x0800374a   0x0800374a   0x00000042   Code   RO         3732    i.ParseNumber       es_wifi.o
    0x0800378c   0x0800378c   0x00000002   Code   RO         3401    i.PendSV_Handler    stm32l4xx_it.o
    0x0800378e   0x0800378e   0x00000002   PAD
    0x08003790   0x08003790   0x0000007c   Code   RO         1003    i.RCC_SetFlashLatencyFromMSIRange  stm32l4xx_hal_rcc.o
    0x0800380c   0x0800380c   0x0000000c   Code   RO           31    i.SENSOR_IO_Init    stm32l475e_iot01.o
    0x08003818   0x08003818   0x00000024   Code   RO           33    i.SENSOR_IO_Read    stm32l475e_iot01.o
    0x0800383c   0x0800383c   0x00000018   Code   RO           34    i.SENSOR_IO_ReadMultiple  stm32l475e_iot01.o
    0x08003854   0x08003854   0x00000020   Code   RO           35    i.SENSOR_IO_Write   stm32l475e_iot01.o
    0x08003874   0x08003874   0x0000000c   Code   RO         3561    i.SPI3_IRQHandler   main.o
    0x08003880   0x08003880   0x00000048   Code   RO         1537    i.SPI_2linesRxISR_16BIT  stm32l4xx_hal_spi.o
    0x080038c8   0x080038c8   0x00000016   Code   RO         1538    i.SPI_2linesRxISR_16BITCRC  stm32l4xx_hal_spi.o
    0x080038de   0x080038de   0x00000002   PAD
    0x080038e0   0x080038e0   0x0000007c   Code   RO         1539    i.SPI_2linesRxISR_8BIT  stm32l4xx_hal_spi.o
    0x0800395c   0x0800395c   0x00000034   Code   RO         1540    i.SPI_2linesRxISR_8BITCRC  stm32l4xx_hal_spi.o
    0x08003990   0x08003990   0x0000004c   Code   RO         1541    i.SPI_2linesTxISR_16BIT  stm32l4xx_hal_spi.o
    0x080039dc   0x080039dc   0x00000062   Code   RO         1542    i.SPI_2linesTxISR_8BIT  stm32l4xx_hal_spi.o
    0x08003a3e   0x08003a3e   0x00000072   Code   RO         1545    i.SPI_CloseRxTx_ISR  stm32l4xx_hal_spi.o
    0x08003ab0   0x08003ab0   0x0000005a   Code   RO         1546    i.SPI_CloseRx_ISR   stm32l4xx_hal_spi.o
    0x08003b0a   0x08003b0a   0x0000004c   Code   RO         1547    i.SPI_CloseTx_ISR   stm32l4xx_hal_spi.o
    0x08003b56   0x08003b56   0x00000012   Code   RO         1548    i.SPI_DMAAbortOnError  stm32l4xx_hal_spi.o
    0x08003b68   0x08003b68   0x00000074   Code   RO         1558    i.SPI_EndRxTransaction  stm32l4xx_hal_spi.o
    0x08003bdc   0x08003bdc   0x00000048   Code   RO         1559    i.SPI_EndRxTxTransaction  stm32l4xx_hal_spi.o
    0x08003c24   0x08003c24   0x00000050   Code   RO         1560    i.SPI_RxISR_16BIT   stm32l4xx_hal_spi.o
    0x08003c74   0x08003c74   0x00000016   Code   RO         1561    i.SPI_RxISR_16BITCRC  stm32l4xx_hal_spi.o
    0x08003c8a   0x08003c8a   0x00000002   PAD
    0x08003c8c   0x08003c8c   0x00000050   Code   RO         1562    i.SPI_RxISR_8BIT    stm32l4xx_hal_spi.o
    0x08003cdc   0x08003cdc   0x00000026   Code   RO         1563    i.SPI_RxISR_8BITCRC  stm32l4xx_hal_spi.o
    0x08003d02   0x08003d02   0x00000032   Code   RO         1564    i.SPI_TxISR_16BIT   stm32l4xx_hal_spi.o
    0x08003d34   0x08003d34   0x00000032   Code   RO         1565    i.SPI_TxISR_8BIT    stm32l4xx_hal_spi.o
    0x08003d66   0x08003d66   0x00000002   PAD
    0x08003d68   0x08003d68   0x00000010   Code   RO         4202    i.SPI_WIFI_DeInit   es_wifi_io.o
    0x08003d78   0x08003d78   0x00000004   Code   RO         4203    i.SPI_WIFI_Delay    es_wifi_io.o
    0x08003d7c   0x08003d7c   0x00000068   Code   RO         4204    i.SPI_WIFI_DelayUs  es_wifi_io.o
    0x08003de4   0x08003de4   0x00000014   Code   RO         4205    i.SPI_WIFI_ISR      es_wifi_io.o
    0x08003df8   0x08003df8   0x0000007c   Code   RO         4206    i.SPI_WIFI_Init     es_wifi_io.o
    0x08003e74   0x08003e74   0x0000010c   Code   RO         4207    i.SPI_WIFI_MspInit  es_wifi_io.o
    0x08003f80   0x08003f80   0x000000fe   Code   RO         4208    i.SPI_WIFI_ReceiveData  es_wifi_io.o
    0x0800407e   0x0800407e   0x00000002   PAD
    0x08004080   0x08004080   0x000000e2   Code   RO         4209    i.SPI_WIFI_ResetModule  es_wifi_io.o
    0x08004162   0x08004162   0x00000002   PAD
    0x08004164   0x08004164   0x000000b6   Code   RO         4210    i.SPI_WIFI_SendData  es_wifi_io.o
    0x0800421a   0x0800421a   0x00000002   PAD
    0x0800421c   0x0800421c   0x000000e6   Code   RO         1566    i.SPI_WaitFifoStateUntilTimeout  stm32l4xx_hal_spi.o
    0x08004302   0x08004302   0x00000002   PAD
    0x08004304   0x08004304   0x000000b8   Code   RO         1567    i.SPI_WaitFlagStateUntilTimeout  stm32l4xx_hal_spi.o
    0x080043bc   0x080043bc   0x00000002   Code   RO         3402    i.SVC_Handler       stm32l4xx_it.o
    0x080043be   0x080043be   0x00000004   Code   RO         3403    i.SysTick_Handler   stm32l4xx_it.o
    0x080043c2   0x080043c2   0x00000002   PAD
    0x080043c4   0x080043c4   0x00000044   Code   RO         3645    i.SystemInit        system_stm32l4xx.o
    0x08004408   0x08004408   0x0000000a   Code   RO         4469    i.TimerCountdown    timer.o
    0x08004412   0x08004412   0x00000014   Code   RO         4470    i.TimerCountdownMS  timer.o
    0x08004426   0x08004426   0x00000012   Code   RO         4471    i.TimerInit         timer.o
    0x08004438   0x08004438   0x00000018   Code   RO         4472    i.TimerIsExpired    timer.o
    0x08004450   0x08004450   0x00000018   Code   RO         4473    i.TimerLeftMS       timer.o
    0x08004468   0x08004468   0x000000c8   Code   RO         2322    i.UART_AdvFeatureConfig  stm32l4xx_hal_uart.o
    0x08004530   0x08004530   0x000000a8   Code   RO         2323    i.UART_CheckIdleState  stm32l4xx_hal_uart.o
    0x080045d8   0x080045d8   0x0000004c   Code   RO         2334    i.UART_EndRxTransfer  stm32l4xx_hal_uart.o
    0x08004624   0x08004624   0x00000248   Code   RO         2338    i.UART_SetConfig    stm32l4xx_hal_uart.o
    0x0800486c   0x0800486c   0x0000008c   Code   RO         2343    i.UART_WaitOnFlagUntilTimeout  stm32l4xx_hal_uart.o
    0x080048f8   0x080048f8   0x00000002   Code   RO         3404    i.UsageFault_Handler  stm32l4xx_it.o
    0x080048fa   0x080048fa   0x00000002   PAD
    0x080048fc   0x080048fc   0x00000024   Code   RO         4018    i.WIFI_Connect      wifi.o
    0x08004920   0x08004920   0x00000024   Code   RO         4020    i.WIFI_GetHostAddress  wifi.o
    0x08004944   0x08004944   0x0000002c   Code   RO         4021    i.WIFI_GetIP_Address  wifi.o
    0x08004970   0x08004970   0x00000020   Code   RO         4022    i.WIFI_GetMAC_Address  wifi.o
    0x08004990   0x08004990   0x00000040   Code   RO         4027    i.WIFI_Init         wifi.o
    0x080049d0   0x080049d0   0x00000050   Code   RO         4030    i.WIFI_OpenClientConnection  wifi.o
    0x08004a20   0x08004a20   0x00000024   Code   RO         4032    i.WIFI_ReceiveData  wifi.o
    0x08004a44   0x08004a44   0x00000024   Code   RO         4035    i.WIFI_SendData     wifi.o
    0x08004a68   0x08004a68   0x00000020   Code   RO         5133    i.__0printf$8       mc_w.l(printf8.o)
    0x08004a88   0x08004a88   0x00000034   Code   RO         5134    i.__0snprintf$8     mc_w.l(printf8.o)
    0x08004abc   0x08004abc   0x00000028   Code   RO         5135    i.__0sprintf$8      mc_w.l(printf8.o)
    0x08004ae4   0x08004ae4   0x00000020   Code   RO          519    i.__NVIC_SetPriority  stm32l4xx_hal_cortex.o
    0x08004b04   0x08004b04   0x0000000e   Code   RO         5229    i.__scatterload_copy  mc_w.l(handlers.o)
    0x08004b12   0x08004b12   0x00000002   Code   RO         5230    i.__scatterload_null  mc_w.l(handlers.o)
    0x08004b14   0x08004b14   0x0000000e   Code   RO         5231    i.__scatterload_zeroinit  mc_w.l(handlers.o)
    0x08004b22   0x08004b22   0x00000002   PAD
    0x08004b24   0x08004b24   0x0000040a   Code   RO         5140    i._printf_core      mc_w.l(printf8.o)
    0x08004f2e   0x08004f2e   0x00000024   Code   RO         5141    i._printf_post_padding  mc_w.l(printf8.o)
    0x08004f52   0x08004f52   0x0000002e   Code   RO         5142    i._printf_pre_padding  mc_w.l(printf8.o)
    0x08004f80   0x08004f80   0x00000016   Code   RO         5143    i._snputc           mc_w.l(printf8.o)
    0x08004f96   0x08004f96   0x0000000a   Code   RO         5144    i._sputc            mc_w.l(printf8.o)
    0x08004fa0   0x08004fa0   0x00000024   Code   RO         4671    i.bufchar           mqttpacket.o
    0x08004fc4   0x08004fc4   0x00000116   Code   RO         4312    i.cycle             mqttclient.o
    0x080050da   0x080050da   0x00000002   PAD
    0x080050dc   0x080050dc   0x000000b4   Code   RO         4313    i.deliverMessage    mqttclient.o
    0x08005190   0x08005190   0x00000018   Code   RO         3562    i.fputc             main.o
    0x080051a8   0x080051a8   0x00000016   Code   RO         4314    i.getNextPacketId   mqttclient.o
    0x080051be   0x080051be   0x00000058   Code   RO         4315    i.keepalive         mqttclient.o
    0x08005216   0x08005216   0x00000002   PAD
    0x08005218   0x08005218   0x000003b4   Code   RO         3563    i.main              main.o
    0x080055cc   0x080055cc   0x0000001c   Code   RO         4434    i.mqtt_network_read  mqttinterface.o
    0x080055e8   0x080055e8   0x00000020   Code   RO         4435    i.mqtt_network_write  mqttinterface.o
    0x08005608   0x08005608   0x0000000c   Code   RO         4673    i.readChar          mqttpacket.o
    0x08005614   0x08005614   0x00000012   Code   RO         4674    i.readInt           mqttpacket.o
    0x08005626   0x08005626   0x00000034   Code   RO         4675    i.readMQTTLenString  mqttpacket.o
    0x0800565a   0x0800565a   0x000000c0   Code   RO         4316    i.readPacket        mqttclient.o
    0x0800571a   0x0800571a   0x00000054   Code   RO         4317    i.sendPacket        mqttclient.o
    0x0800576e   0x0800576e   0x00000002   PAD
    0x08005770   0x08005770   0x00000030   Code   RO         4211    i.wait_spi_tx_event  es_wifi_io.o
    0x080057a0   0x080057a0   0x0000002e   Code   RO         4318    i.waitfor           mqttclient.o
    0x080057ce   0x080057ce   0x00000002   PAD
    0x080057d0   0x080057d0   0x00000208   Code   RO         3564    i.wifi_connect      main.o
    0x080059d8   0x080059d8   0x00000028   Code   RO         4676    i.writeCString      mqttpacket.o
    0x08005a00   0x08005a00   0x0000000c   Code   RO         4677    i.writeChar         mqttpacket.o
    0x08005a0c   0x08005a0c   0x0000001e   Code   RO         4678    i.writeInt          mqttpacket.o
    0x08005a2a   0x08005a2a   0x00000036   Code   RO         4679    i.writeMQTTString   mqttpacket.o
    0x08005a60   0x08005a60   0x00000010   Data   RO           39    .constdata          stm32l475e_iot01.o
    0x08005a70   0x08005a70   0x00000058   Data   RO         3566    .constdata          main.o
    0x08005ac8   0x08005ac8   0x00000040   Data   RO         3646    .constdata          system_stm32l4xx.o
    0x08005b08   0x08005b08   0x00000008   Data   RO         3647    .constdata          system_stm32l4xx.o
    0x08005b10   0x08005b10   0x00000058   Data   RO         4319    .constdata          mqttclient.o
    0x08005b68   0x08005b68   0x00000020   Data   RO         5227    Region$$Table       anon$$obj.o


    Execution Region RW_IRAM1 (Exec base: 0x20000000, Load base: 0x08005b88, Size: 0x00008ba0, Max: 0x00018000, ABSOLUTE)

    Exec Addr    Load Addr    Size         Type   Attr      Idx    E Section Name        Object

    0x20000000   0x08005b88   0x00000014   Data   RW           40    .data               stm32l475e_iot01.o
    0x20000014   0x08005b9c   0x00000004   Data   RW          340    .data               stm32l475e_iot01_tsensor.o
    0x20000018   0x08005ba0   0x00000010   Data   RW          389    .data               hts221.o
    0x20000028   0x08005bb0   0x0000000c   Data   RW          695    .data               stm32l4xx_hal.o
    0x20000034   0x08005bbc   0x00000004   Data   RW         3567    .data               main.o
    0x20000038   0x08005bc0   0x00000004   Data   RW         3648    .data               system_stm32l4xx.o
    0x2000003c   0x08005bc4   0x00000004   Data   RW         3734    .data               es_wifi.o
    0x20000040   0x08005bc8   0x00000010   Data   RW         4213    .data               es_wifi_io.o
    0x20000050   0x08005bd8   0x00000004   Data   RW         4680    .data               mqttpacket.o
    0x20000054   0x08005bdc   0x00000004   Data   RW         4922    .data               mc_w.l(strtok_r.o)
    0x20000058   0x08005be0   0x00000004   Data   RW         5203    .data               mc_w.l(stdout.o)
    0x2000005c        -       0x00000054   Zero   RW           37    .bss                stm32l475e_iot01.o
    0x200000b0        -       0x00000088   Zero   RW           38    .bss                stm32l475e_iot01.o
    0x20000138        -       0x00000200   Zero   RW         3565    .bss                main.o
    0x20000338        -       0x00000900   Zero   RW         4042    .bss                wifi.o
    0x20000c38        -       0x00000064   Zero   RW         4212    .bss                es_wifi_io.o
    0x20000c9c   0x08005be4   0x00000004   PAD
    0x20000ca0        -       0x00007f00   Zero   RW         4289    STACK               startup_stm32l475xx.o


==============================================================================

Image component sizes


      Code (inc. data)   RO Data    RW Data    ZI Data      Debug   Object Name

      2816        584          0          4          0      18372   es_wifi.o
      1286        102          0         16        100      10508   es_wifi_io.o
       180          0          0         16          0       3612   hts221.o
      1514        930         88          4        512      10394   main.o
      1418         20         88          0          0      15015   mqttclient.o
       546         18          0          0          0       5593   mqttconnectclient.o
       218          0          0          0          0       2968   mqttdeserializepublish.o
        60          0          0          0          0       2553   mqttinterface.o
       476         22          0          4          0      12556   mqttpacket.o
       242          0          0          0          0       3994   mqttserializepublish.o
        36          8        392          0      32512        876   startup_stm32l475xx.o
       646         62         16         20        220     799222   stm32l475e_iot01.o
        36         10          0          4          0       2403   stm32l475e_iot01_tsensor.o
       164         24          0         12          0      15783   stm32l4xx_hal.o
       198         14          0          0          0      34547   stm32l4xx_hal_cortex.o
        78          0          0          0          0       1299   stm32l4xx_hal_dma.o
       586         42          0          0          0       4166   stm32l4xx_hal_gpio.o
      1788         38          0          0          0      15537   stm32l4xx_hal_i2c.o
        86          0          0          0          0       1351   stm32l4xx_hal_i2c_ex.o
        16          6          0          0          0        676   stm32l4xx_hal_pwr_ex.o
      1988         98          0          0          0       7640   stm32l4xx_hal_rcc.o
      4556         70          0          0          0      29850   stm32l4xx_hal_spi.o
      1436         62          0          0          0       8648   stm32l4xx_hal_uart.o
        26          0          0          0          0      12341   stm32l4xx_it.o
        68         12         72          4          0       1437   system_stm32l4xx.o
        96          0          0          0          0       4347   timer.o
       364         56          0          0       2304       6711   wifi.o

    ----------------------------------------------------------------------
     20976       2178        688         84      35652    1032399   Object Totals
         0          0         32          0          0          0   (incl. Generated)
        52          0          0          0          4          0   (incl. Padding)

    ----------------------------------------------------------------------

      Code (inc. data)   RO Data    RW Data    ZI Data      Debug   Library Member Name

         0          0          0          0          0          0   entry.o
         0          0          0          0          0          0   entry10a.o
         0          0          0          0          0          0   entry11a.o
         4          0          0          0          0          0   entry12b.o
         8          4          0          0          0          0   entry2.o
         4          0          0          0          0          0   entry5.o
         0          0          0          0          0          0   entry7b.o
         0          0          0          0          0          0   entry8b.o
         8          4          0          0          0          0   entry9a.o
        30          0          0          0          0          0   handlers.o
        36          8          0          0          0         68   init.o
        30          0          0          0          0         68   llshl.o
        32          0          0          0          0         68   llushr.o
        26          0          0          0          0         80   memcmp.o
        36          0          0          0          0         68   memcpya.o
      1272         64          0          0          0        660   printf8.o
         0          0          0          4          0          0   stdout.o
        14          0          0          0          0         68   strlen.o
        30          0          0          0          0         80   strncmp.o
        24          0          0          0          0         76   strncpy.o
        36          0          0          0          0         80   strstr.o
        68          4          0          4          0         96   strtok_r.o
       104          0          0          0          0         92   uldiv.o

    ----------------------------------------------------------------------
      1768         84          0          8          0       1504   Library Totals
         6          0          0          0          0          0   (incl. Padding)

    ----------------------------------------------------------------------

      Code (inc. data)   RO Data    RW Data    ZI Data      Debug   Library Name

      1762         84          0          8          0       1504   mc_w.l

    ----------------------------------------------------------------------
      1768         84          0          8          0       1504   Library Totals

    ----------------------------------------------------------------------

==============================================================================


      Code (inc. data)   RO Data    RW Data    ZI Data      Debug   

     22744       2262        688         92      35652    1014927   Grand Totals
     22744       2262        688         92      35652    1014927   ELF Image Totals
     22744       2262        688         92          0          0   ROM Totals

==============================================================================

    Total RO  Size (Code + RO Data)                23432 (  22.88kB)
    Total RW  Size (RW Data + ZI Data)             35744 (  34.91kB)
    Total ROM Size (Code + RO Data + RW Data)      23524 (  22.97kB)

==============================================================================

