<html>
<body>
<pre>
<h1>µVision Build Log</h1>
<h2>Tool Versions:</h2>
IDE-Version: µVision V5.41.0.0
Copyright (C) 2024 ARM Ltd and ARM Germany GmbH. All rights reserved.
License Information: Andrew Choi
Arm
User-based license: Keil MDK Community (non-commercial free of charge)
Valid until: May 31 2033. Cached until: Mar 10 2025
 
Tool Versions:
Toolchain:       Keil MDK Community (non-commercial free of charge  Version: 5.41.0.0
Toolchain Path:  C:\Users\jaecho01\AppData\Local\Keil_v5\ARM\ARM_Compiler_5.06u7\Bin
C Compiler:      Armcc.exe V5.06 update 7 (build 960)
Assembler:       Armasm.exe V5.06 update 7 (build 960)
Linker/Locator:  ArmLink.exe V5.06 update 7 (build 960)
Library Manager: ArmAr.exe V5.06 update 7 (build 960)
Hex Converter:   FromElf.exe V5.06 update 7 (build 960)
CPU DLL:         SARMCM3.DLL V5.41.0.0
Dialog DLL:      DCM.DLL V1.17.5.0
Target DLL:      STLink\ST-LINKIII-KEIL_SWO.dll V3.3.0.0
Dialog DLL:      TCM.DLL V1.56.4.0
 
<h2>Project:</h2>
C:\Users\jaecho01\Downloads\STM32L4_MQTT\STM32L4_MQTT\Projects\B-L475E-IOT01A\Applications\WiFi\MQTT_Client\MDK-ARM\Project.uvprojx
Project File Date:  02/27/2025

<h2>Output:</h2>
*** Warning: The configured compiler version '5.06 update 7 (build 960)' does not support the selected User Based Licensing technology.
*** Using Compiler 'V5.06 update 7 (build 960)', folder: 'C:\Users\jaecho01\AppData\Local\Keil_v5\ARM\ARM_Compiler_5.06u7\Bin'
Rebuild target 'B-L475E-IOT01'
compiling hts221.c...
compiling stm32l475e_iot01.c...
compiling stm32l4xx_hal_cortex.c...
compiling stm32l4xx_hal_gpio.c...
compiling stm32l4xx_hal_rcc.c...
compiling stm32l4xx_hal_pwr.c...
compiling stm32l4xx_hal_dma.c...
compiling stm32l4xx_hal_uart_ex.c...
compiling stm32l4xx_hal_adc_ex.c...
compiling stm32l475e_iot01_tsensor.c...
compiling stm32l4xx_hal_spi_ex.c...
compiling stm32l4xx_hal.c...
compiling es_wifi.c...
compiling stm32l4xx_hal_spi.c...
compiling stm32l4xx_hal_i2c_ex.c...
assembling startup_stm32l475xx.s...
compiling stm32l4xx_it.c...
../Inc/main.h(96): warning:  #1-D: last line of file ends without a newline
  #endif /* __MAIN_H */
../Src/stm32l4xx_it.c: 1 warning, 0 errors
compiling system_stm32l4xx.c...
compiling stm32l4xx_hal_pwr_ex.c...
compiling MQTTConnectClient.c...
compiling stm32l4xx_hal_i2c.c...
compiling MQTTConnectServer.c...
compiling MQTTDeserializePublish.c...
compiling MQTTFormat.c...
compiling stm32l4xx_hal_uart.c...
compiling MQTTPacket.c...
compiling MQTTSerializePublish.c...
compiling MQTTUnsubscribeClient.c...
compiling MQTTSubscribeServer.c...
compiling MQTTSubscribeClient.c...
compiling stm32l4xx_hal_rcc_ex.c...
compiling MQTTUnsubscribeServer.c...
compiling stm32l4xx_hal_adc.c...
compiling wifi.c...
compiling es_wifi_io.c...
compiling MQTTClient.c...
..\..\..\..\..\..\Middlewares\Third_Party\MQTT\MQTTClient-C\src\MQTTClient.h(237): warning:  #1-D: last line of file ends without a newline
   
..\..\..\..\..\..\Middlewares\Third_Party\MQTT\MQTTClient-C\src\MQTTClient.c(139): warning:  #1293-D: assignment in condition
      if (rem_len > 0 && (rc = c->ipstack->mqttread(c->ipstack, c->readbuf + len, rem_len, TimerLeftMS(timer)) != rem_len)) {
..\..\..\..\..\..\Middlewares\Third_Party\MQTT\MQTTClient-C\src\MQTTClient.c(483): warning:  #223-D: function "strcmp" declared implicitly
          if (c->messageHandlers[i].topicFilter != NULL && strcmp(c->messageHandlers[i].topicFilter, topicFilter) == 0)
..\..\..\..\..\..\Middlewares\Third_Party\MQTT\MQTTClient-C\src\MQTTClient.c: 3 warnings, 0 errors
compiling main.c...
../Inc/main.h(96): warning:  #1-D: last line of file ends without a newline
  #endif /* __MAIN_H */
..\..\..\..\..\..\Middlewares\Third_Party\MQTT\MQTTClient-C\src\MQTTClient.h(237): warning:  #1-D: last line of file ends without a newline
   
../Src/main.c: 2 warnings, 0 errors
compiling Timer.c...
compiling MQTTInterface.c...
linking...
Program Size: Code=22744 RO-data=688 RW-data=92 ZI-data=35652  
"B-L475E-IOT01\B-L475E-IOT01.axf" - 0 Error(s), 6 Warning(s).

<h2>Software Packages used:</h2>

Package Vendor: ARM
                https://www.keil.com/pack/ARM.CMSIS.6.1.0.pack
                ARM::CMSIS@6.1.0
                CMSIS (Common Microcontroller Software Interface Standard)
   * Component: CORE Version: 6.1.0

Package Vendor: Keil
                https://www.keil.com/pack/Keil.STM32L4xx_DFP.3.0.0.pack
                Keil::STM32L4xx_DFP@3.0.0
                STMicroelectronics STM32L4 Series Device Support

<h2>Collection of Component include folders:</h2>
  ./RTE/_B-L475E-IOT01
  C:/Users/jaecho01/AppData/Local/arm/packs/ARM/CMSIS/6.1.0/CMSIS/Core/Include

<h2>Collection of Component Files used:</h2>

   * Component: ARM::CMSIS:CORE@6.1.0
Build Time Elapsed:  00:00:27
</pre>
</body>
</html>
